Archive member included to satisfy reference by file (symbol)

d:/programms/toolchain/armtoolchain/9 2020-q2-update/bin/../lib/gcc/arm-none-eabi/9.3.1/thumb/v7e-m+dp/hard\libgcc.a(_aeabi_ldivmod.o)
                              ./MCU/stm32h7xx_hal_driver/Src/stm32h7xx_hal_uart.o (__aeabi_ldivmod)
d:/programms/toolchain/armtoolchain/9 2020-q2-update/bin/../lib/gcc/arm-none-eabi/9.3.1/thumb/v7e-m+dp/hard\libgcc.a(_aeabi_uldivmod.o)
                              ./MCU/stm32h7xx_hal_driver/Src/stm32h7xx_hal_uart.o (__aeabi_uldivmod)
d:/programms/toolchain/armtoolchain/9 2020-q2-update/bin/../lib/gcc/arm-none-eabi/9.3.1/thumb/v7e-m+dp/hard\libgcc.a(_udivmoddi4.o)
                              d:/programms/toolchain/armtoolchain/9 2020-q2-update/bin/../lib/gcc/arm-none-eabi/9.3.1/thumb/v7e-m+dp/hard\libgcc.a(_aeabi_ldivmod.o) (__udivmoddi4)
d:/programms/toolchain/armtoolchain/9 2020-q2-update/bin/../lib/gcc/arm-none-eabi/9.3.1/thumb/v7e-m+dp/hard\libgcc.a(_dvmd_tls.o)
                              d:/programms/toolchain/armtoolchain/9 2020-q2-update/bin/../lib/gcc/arm-none-eabi/9.3.1/thumb/v7e-m+dp/hard\libgcc.a(_aeabi_ldivmod.o) (__aeabi_ldiv0)
d:/programms/toolchain/armtoolchain/9 2020-q2-update/bin/../lib/gcc/arm-none-eabi/9.3.1/../../../../arm-none-eabi/lib/thumb/v7e-m+dp/hard\libg_nano.a(lib_a-atoi.o)
                              ./app_interface.o (atoi)
d:/programms/toolchain/armtoolchain/9 2020-q2-update/bin/../lib/gcc/arm-none-eabi/9.3.1/../../../../arm-none-eabi/lib/thumb/v7e-m+dp/hard\libg_nano.a(lib_a-ctype_.o)
                              ./Cyclone_TCP/cyclone_tcp/netbios/nbns_common.o (_ctype_)
d:/programms/toolchain/armtoolchain/9 2020-q2-update/bin/../lib/gcc/arm-none-eabi/9.3.1/../../../../arm-none-eabi/lib/thumb/v7e-m+dp/hard\libg_nano.a(lib_a-errno.o)
                              ./MCU/CMSIS/syscalls.o (__errno)
d:/programms/toolchain/armtoolchain/9 2020-q2-update/bin/../lib/gcc/arm-none-eabi/9.3.1/../../../../arm-none-eabi/lib/thumb/v7e-m+dp/hard\libg_nano.a(lib_a-exit.o)
                              d:/programms/toolchain/armtoolchain/9 2020-q2-update/bin/../lib/gcc/arm-none-eabi/9.3.1/../../../../arm-none-eabi/lib/thumb/v7e-m+dp/hard/crt0.o (exit)
d:/programms/toolchain/armtoolchain/9 2020-q2-update/bin/../lib/gcc/arm-none-eabi/9.3.1/../../../../arm-none-eabi/lib/thumb/v7e-m+dp/hard\libg_nano.a(lib_a-fprintf.o)
                              ./OthLibs/MX25L128.o (fprintf)
d:/programms/toolchain/armtoolchain/9 2020-q2-update/bin/../lib/gcc/arm-none-eabi/9.3.1/../../../../arm-none-eabi/lib/thumb/v7e-m+dp/hard\libg_nano.a(lib_a-fputs.o)
                              ./OthLibs/MX25L128.o (fputs)
d:/programms/toolchain/armtoolchain/9 2020-q2-update/bin/../lib/gcc/arm-none-eabi/9.3.1/../../../../arm-none-eabi/lib/thumb/v7e-m+dp/hard\libg_nano.a(lib_a-impure.o)
                              d:/programms/toolchain/armtoolchain/9 2020-q2-update/bin/../lib/gcc/arm-none-eabi/9.3.1/../../../../arm-none-eabi/lib/thumb/v7e-m+dp/hard\libg_nano.a(lib_a-exit.o) (_global_impure_ptr)
d:/programms/toolchain/armtoolchain/9 2020-q2-update/bin/../lib/gcc/arm-none-eabi/9.3.1/../../../../arm-none-eabi/lib/thumb/v7e-m+dp/hard\libg_nano.a(lib_a-init.o)
                              d:/programms/toolchain/armtoolchain/9 2020-q2-update/bin/../lib/gcc/arm-none-eabi/9.3.1/../../../../arm-none-eabi/lib/thumb/v7e-m+dp/hard/crt0.o (__libc_init_array)
d:/programms/toolchain/armtoolchain/9 2020-q2-update/bin/../lib/gcc/arm-none-eabi/9.3.1/../../../../arm-none-eabi/lib/thumb/v7e-m+dp/hard\libg_nano.a(lib_a-lock.o)
                              d:/programms/toolchain/armtoolchain/9 2020-q2-update/bin/../lib/gcc/arm-none-eabi/9.3.1/../../../../arm-none-eabi/lib/thumb/v7e-m+dp/hard\libg_nano.a(lib_a-fputs.o) (__retarget_lock_acquire_recursive)
d:/programms/toolchain/armtoolchain/9 2020-q2-update/bin/../lib/gcc/arm-none-eabi/9.3.1/../../../../arm-none-eabi/lib/thumb/v7e-m+dp/hard\libg_nano.a(lib_a-memcmp.o)
                              ./Cyclone_TCP/cyclone_tcp/mibs/mib_common.o (memcmp)
d:/programms/toolchain/armtoolchain/9 2020-q2-update/bin/../lib/gcc/arm-none-eabi/9.3.1/../../../../arm-none-eabi/lib/thumb/v7e-m+dp/hard\libg_nano.a(lib_a-memcpy-stub.o)
                              ./OthLibs/microrl.o (memcpy)
d:/programms/toolchain/armtoolchain/9 2020-q2-update/bin/../lib/gcc/arm-none-eabi/9.3.1/../../../../arm-none-eabi/lib/thumb/v7e-m+dp/hard\libg_nano.a(lib_a-memmove.o)
                              ./OthLibs/microrl.o (memmove)
d:/programms/toolchain/armtoolchain/9 2020-q2-update/bin/../lib/gcc/arm-none-eabi/9.3.1/../../../../arm-none-eabi/lib/thumb/v7e-m+dp/hard\libg_nano.a(lib_a-memset.o)
                              d:/programms/toolchain/armtoolchain/9 2020-q2-update/bin/../lib/gcc/arm-none-eabi/9.3.1/../../../../arm-none-eabi/lib/thumb/v7e-m+dp/hard/crt0.o (memset)
[...]
Memory Configuration

Name             Origin             Length             Attributes
FLASH            0x08000000         0x00200000         xr
ITCMRAM          0x00000000         0x00010000         xrw
DTCMRAM          0x20000000         0x00020000         xrw
RAM_D1           0x24000000         0x00080000         xrw
RAM_D2           0x30000000         0x00040000         xrw
RAM_D2_NO_CACHE  0x30040000         0x00008000         xrw
RAM_D3           0x38000000         0x00010000         xrw
*default*        0x00000000         0xffffffff

Linker script and memory map

LOAD d:/programms/toolchain/armtoolchain/9 2020-q2-update/bin/../lib/gcc/arm-none-eabi/9.3.1/thumb/v7e-m+dp/hard/crti.o
LOAD d:/programms/toolchain/armtoolchain/9 2020-q2-update/bin/../lib/gcc/arm-none-eabi/9.3.1/thumb/v7e-m+dp/hard/crtbegin.o
LOAD d:/programms/toolchain/armtoolchain/9 2020-q2-update/bin/../lib/gcc/arm-none-eabi/9.3.1/../../../../arm-none-eabi/lib/thumb/v7e-m+dp/hard/crt0.o
LOAD ./OthLibs/MX25L128.o
LOAD ./OthLibs/crc16tab.o
LOAD ./OthLibs/microrl.o
LOAD ./MCU/stm32h7xx_hal_driver/Src/stm32h7xx_hal.o
LOAD ./MCU/stm32h7xx_hal_driver/Src/stm32h7xx_hal_cortex.o
LOAD ./MCU/stm32h7xx_hal_driver/Src/stm32h7xx_hal_cryp.o
LOAD ./MCU/stm32h7xx_hal_driver/Src/stm32h7xx_hal_cryp_ex.o
LOAD ./MCU/stm32h7xx_hal_driver/Src/stm32h7xx_hal_dma.o
LOAD ./MCU/stm32h7xx_hal_driver/Src/stm32h7xx_hal_dma2d.o
LOAD ./MCU/stm32h7xx_hal_driver/Src/stm32h7xx_hal_dma_ex.o
LOAD ./MCU/stm32h7xx_hal_driver/Src/stm32h7xx_hal_eth.o
LOAD ./MCU/stm32h7xx_hal_driver/Src/stm32h7xx_hal_eth_ex.o
LOAD ./MCU/stm32h7xx_hal_driver/Src/stm32h7xx_hal_exti.o
LOAD ./MCU/stm32h7xx_hal_driver/Src/stm32h7xx_hal_flash.o
LOAD ./MCU/stm32h7xx_hal_driver/Src/stm32h7xx_hal_flash_ex.o
LOAD ./MCU/stm32h7xx_hal_driver/Src/stm32h7xx_hal_gpio.o
LOAD ./MCU/stm32h7xx_hal_driver/Src/stm32h7xx_hal_hash.o
LOAD ./MCU/stm32h7xx_hal_driver/Src/stm32h7xx_hal_hash_ex.o
LOAD ./MCU/stm32h7xx_hal_driver/Src/stm32h7xx_hal_hsem.o
LOAD ./MCU/stm32h7xx_hal_driver/Src/stm32h7xx_hal_i2c.o
LOAD ./MCU/stm32h7xx_hal_driver/Src/stm32h7xx_hal_i2c_ex.o
LOAD ./MCU/stm32h7xx_hal_driver/Src/stm32h7xx_hal_mdma.o
LOAD ./MCU/stm32h7xx_hal_driver/Src/stm32h7xx_hal_pwr.o
LOAD ./MCU/stm32h7xx_hal_driver/Src/stm32h7xx_hal_pwr_ex.o
LOAD ./MCU/stm32h7xx_hal_driver/Src/stm32h7xx_hal_rcc.o
LOAD ./MCU/stm32h7xx_hal_driver/Src/stm32h7xx_hal_rcc_ex.o
LOAD ./MCU/stm32h7xx_hal_driver/Src/stm32h7xx_hal_rng.o
LOAD ./MCU/stm32h7xx_hal_driver/Src/stm32h7xx_hal_rng_ex.o
LOAD ./MCU/stm32h7xx_hal_driver/Src/stm32h7xx_hal_spi.o
LOAD ./MCU/stm32h7xx_hal_driver/Src/stm32h7xx_hal_spi_ex.o
LOAD ./MCU/stm32h7xx_hal_driver/Src/stm32h7xx_hal_tim.o
LOAD ./MCU/stm32h7xx_hal_driver/Src/stm32h7xx_hal_tim_ex.o
LOAD ./MCU/stm32h7xx_hal_driver/Src/stm32h7xx_hal_uart.o
LOAD ./MCU/stm32h7xx_hal_driver/Src/stm32h7xx_hal_uart_ex.o
LOAD ./MCU/CMSIS/startup_stm32h753xx.o
LOAD ./MCU/CMSIS/stm32h7xx_it.o
LOAD ./MCU/CMSIS/syscalls.o
LOAD ./MCU/CMSIS/sysmem.o
LOAD ./MCU/CMSIS/system_stm32h7xx.o
LOAD ./FreeRTOS/portable/MemMang/heap_5.o
LOAD ./FreeRTOS/portable/GCC/ARM_CM4F/port.o
LOAD ./FreeRTOS/croutine.o
LOAD ./FreeRTOS/event_groups.o
LOAD ./FreeRTOS/list.o
LOAD ./FreeRTOS/queue.o
LOAD ./FreeRTOS/stream_buffer.o
LOAD ./FreeRTOS/tasks.o
LOAD ./FreeRTOS/timers.o
LOAD ./Cyclone_TCP/cyclone_tcp/web_socket/web_socket.o
LOAD ./Cyclone_TCP/cyclone_tcp/web_socket/web_socket_auth.o
LOAD ./Cyclone_TCP/cyclone_tcp/web_socket/web_socket_frame.o
LOAD ./Cyclone_TCP/cyclone_tcp/web_socket/web_socket_misc.o
LOAD ./Cyclone_TCP/cyclone_tcp/web_socket/web_socket_transport.o
LOAD ./Cyclone_TCP/cyclone_tcp/tftp/tftp_client.o
LOAD ./Cyclone_TCP/cyclone_tcp/tftp/tftp_client_misc.o
LOAD ./Cyclone_TCP/cyclone_tcp/tftp/tftp_server.o
LOAD ./Cyclone_TCP/cyclone_tcp/tftp/tftp_server_misc.o
LOAD ./Cyclone_TCP/cyclone_tcp/sntp/sntp_client.o
LOAD ./Cyclone_TCP/cyclone_tcp/sntp/sntp_client_misc.o
LOAD ./Cyclone_TCP/cyclone_tcp/snmp/snmp_agent.o
LOAD ./Cyclone_TCP/cyclone_tcp/snmp/snmp_agent_dispatch.o
LOAD ./Cyclone_TCP/cyclone_tcp/snmp/snmp_agent_inform.o
LOAD ./Cyclone_TCP/cyclone_tcp/snmp/snmp_agent_message.o
LOAD ./Cyclone_TCP/cyclone_tcp/snmp/snmp_agent_misc.o
LOAD ./Cyclone_TCP/cyclone_tcp/snmp/snmp_agent_object.o
LOAD ./Cyclone_TCP/cyclone_tcp/snmp/snmp_agent_pdu.o
LOAD ./Cyclone_TCP/cyclone_tcp/snmp/snmp_agent_trap.o
LOAD ./Cyclone_TCP/cyclone_tcp/snmp/snmp_agent_usm.o
LOAD ./Cyclone_TCP/cyclone_tcp/snmp/snmp_agent_vacm.o
LOAD ./Cyclone_TCP/cyclone_tcp/ppp/chap.o
LOAD ./Cyclone_TCP/cyclone_tcp/ppp/ipcp.o
LOAD ./Cyclone_TCP/cyclone_tcp/ppp/ipv6cp.o
LOAD ./Cyclone_TCP/cyclone_tcp/ppp/lcp.o
LOAD ./Cyclone_TCP/cyclone_tcp/ppp/pap.o
LOAD ./Cyclone_TCP/cyclone_tcp/ppp/ppp.o
LOAD ./Cyclone_TCP/cyclone_tcp/ppp/ppp_debug.o
LOAD ./Cyclone_TCP/cyclone_tcp/ppp/ppp_fsm.o
LOAD ./Cyclone_TCP/cyclone_tcp/ppp/ppp_hdlc.o
LOAD ./Cyclone_TCP/cyclone_tcp/ppp/ppp_misc.o
LOAD ./Cyclone_TCP/cyclone_tcp/netbios/nbns_client.o
LOAD ./Cyclone_TCP/cyclone_tcp/netbios/nbns_common.o
LOAD ./Cyclone_TCP/cyclone_tcp/netbios/nbns_responder.o
LOAD ./Cyclone_TCP/cyclone_tcp/mqtt/mqtt_client.o
LOAD ./Cyclone_TCP/cyclone_tcp/mqtt/mqtt_client_misc.o
LOAD ./Cyclone_TCP/cyclone_tcp/mqtt/mqtt_client_packet.o
LOAD ./Cyclone_TCP/cyclone_tcp/mqtt/mqtt_client_transport.o
LOAD ./Cyclone_TCP/cyclone_tcp/mibs/if_mib_impl.o
LOAD ./Cyclone_TCP/cyclone_tcp/mibs/if_mib_module.o
LOAD ./Cyclone_TCP/cyclone_tcp/mibs/ip_mib_impl.o
LOAD ./Cyclone_TCP/cyclone_tcp/mibs/ip_mib_module.o
LOAD ./Cyclone_TCP/cyclone_tcp/mibs/mib2_impl.o
LOAD ./Cyclone_TCP/cyclone_tcp/mibs/mib2_module.o
LOAD ./Cyclone_TCP/cyclone_tcp/mibs/mib_common.o
LOAD ./Cyclone_TCP/cyclone_tcp/mibs/snmp_community_mib_impl.o
LOAD ./Cyclone_TCP/cyclone_tcp/mibs/snmp_community_mib_module.o
LOAD ./Cyclone_TCP/cyclone_tcp/mibs/snmp_framework_mib_impl.o
LOAD ./Cyclone_TCP/cyclone_tcp/mibs/snmp_framework_mib_module.o
LOAD ./Cyclone_TCP/cyclone_tcp/mibs/snmp_mib_impl.o
LOAD ./Cyclone_TCP/cyclone_tcp/mibs/snmp_mib_module.o
LOAD ./Cyclone_TCP/cyclone_tcp/mibs/snmp_mpd_mib_impl.o
LOAD ./Cyclone_TCP/cyclone_tcp/mibs/snmp_mpd_mib_module.o
LOAD ./Cyclone_TCP/cyclone_tcp/mibs/snmp_usm_mib_impl.o
LOAD ./Cyclone_TCP/cyclone_tcp/mibs/snmp_usm_mib_module.o
LOAD ./Cyclone_TCP/cyclone_tcp/mibs/snmp_vacm_mib_impl.o
LOAD ./Cyclone_TCP/cyclone_tcp/mibs/snmp_vacm_mib_module.o
LOAD ./Cyclone_TCP/cyclone_tcp/mibs/tcp_mib_impl.o
LOAD ./Cyclone_TCP/cyclone_tcp/mibs/tcp_mib_module.o
LOAD ./Cyclone_TCP/cyclone_tcp/mibs/udp_mib_impl.o
LOAD ./Cyclone_TCP/cyclone_tcp/mibs/udp_mib_module.o
LOAD ./Cyclone_TCP/cyclone_tcp/mdns/mdns_client.o
LOAD ./Cyclone_TCP/cyclone_tcp/mdns/mdns_common.o
LOAD ./Cyclone_TCP/cyclone_tcp/mdns/mdns_responder.o
LOAD ./Cyclone_TCP/cyclone_tcp/llmnr/llmnr_client.o
LOAD ./Cyclone_TCP/cyclone_tcp/llmnr/llmnr_common.o
LOAD ./Cyclone_TCP/cyclone_tcp/llmnr/llmnr_responder.o
LOAD ./Cyclone_TCP/cyclone_tcp/ipv6/icmpv6.o
LOAD ./Cyclone_TCP/cyclone_tcp/ipv6/ipv6.o
LOAD ./Cyclone_TCP/cyclone_tcp/ipv6/ipv6_frag.o
LOAD ./Cyclone_TCP/cyclone_tcp/ipv6/ipv6_misc.o
LOAD ./Cyclone_TCP/cyclone_tcp/ipv6/ipv6_pmtu.o
LOAD ./Cyclone_TCP/cyclone_tcp/ipv6/ipv6_routing.o
LOAD ./Cyclone_TCP/cyclone_tcp/ipv6/mld.o
LOAD ./Cyclone_TCP/cyclone_tcp/ipv6/ndp.o
LOAD ./Cyclone_TCP/cyclone_tcp/ipv6/ndp_cache.o
LOAD ./Cyclone_TCP/cyclone_tcp/ipv6/ndp_misc.o
LOAD ./Cyclone_TCP/cyclone_tcp/ipv6/ndp_router_adv.o
LOAD ./Cyclone_TCP/cyclone_tcp/ipv6/ndp_router_adv_misc.o
LOAD ./Cyclone_TCP/cyclone_tcp/ipv6/slaac.o
LOAD ./Cyclone_TCP/cyclone_tcp/ipv6/slaac_misc.o
LOAD ./Cyclone_TCP/cyclone_tcp/ipv4/arp.o
LOAD ./Cyclone_TCP/cyclone_tcp/ipv4/auto_ip.o
LOAD ./Cyclone_TCP/cyclone_tcp/ipv4/auto_ip_misc.o
LOAD ./Cyclone_TCP/cyclone_tcp/ipv4/icmp.o
LOAD ./Cyclone_TCP/cyclone_tcp/ipv4/ipv4.o
LOAD ./Cyclone_TCP/cyclone_tcp/ipv4/ipv4_frag.o
LOAD ./Cyclone_TCP/cyclone_tcp/ipv4/ipv4_misc.o
LOAD ./Cyclone_TCP/cyclone_tcp/igmp/igmp_common.o
LOAD ./Cyclone_TCP/cyclone_tcp/igmp/igmp_host.o
LOAD ./Cyclone_TCP/cyclone_tcp/igmp/igmp_host_misc.o
LOAD ./Cyclone_TCP/cyclone_tcp/igmp/igmp_router.o
LOAD ./Cyclone_TCP/cyclone_tcp/igmp/igmp_router_misc.o
LOAD ./Cyclone_TCP/cyclone_tcp/igmp/igmp_snooping.o
LOAD ./Cyclone_TCP/cyclone_tcp/igmp/igmp_snooping_misc.o
LOAD ./Cyclone_TCP/cyclone_tcp/icecast/icecast_client.o
LOAD ./Cyclone_TCP/cyclone_tcp/http/http_client.o
LOAD ./Cyclone_TCP/cyclone_tcp/http/http_client_auth.o
LOAD ./Cyclone_TCP/cyclone_tcp/http/http_client_misc.o
LOAD ./Cyclone_TCP/cyclone_tcp/http/http_client_transport.o
LOAD ./Cyclone_TCP/cyclone_tcp/http/http_common.o
LOAD ./Cyclone_TCP/cyclone_tcp/http/http_server.o
LOAD ./Cyclone_TCP/cyclone_tcp/http/http_server_auth.o
LOAD ./Cyclone_TCP/cyclone_tcp/http/http_server_misc.o
LOAD ./Cyclone_TCP/cyclone_tcp/http/mime.o
LOAD ./Cyclone_TCP/cyclone_tcp/http/ssi.o
LOAD ./Cyclone_TCP/cyclone_tcp/drivers/phy/ksz8081_driver.o
LOAD ./Cyclone_TCP/cyclone_tcp/drivers/mac/stm32h7xx_eth_driver.o
LOAD ./Cyclone_TCP/cyclone_tcp/dns_sd/dns_sd.o
LOAD ./Cyclone_TCP/cyclone_tcp/dns/dns_cache.o
LOAD ./Cyclone_TCP/cyclone_tcp/dns/dns_client.o
LOAD ./Cyclone_TCP/cyclone_tcp/dns/dns_common.o
LOAD ./Cyclone_TCP/cyclone_tcp/dns/dns_debug.o
LOAD ./Cyclone_TCP/cyclone_tcp/dhcpv6/dhcpv6_client.o
LOAD ./Cyclone_TCP/cyclone_tcp/dhcpv6/dhcpv6_client_fsm.o
LOAD ./Cyclone_TCP/cyclone_tcp/dhcpv6/dhcpv6_client_misc.o
LOAD ./Cyclone_TCP/cyclone_tcp/dhcpv6/dhcpv6_common.o
LOAD ./Cyclone_TCP/cyclone_tcp/dhcpv6/dhcpv6_debug.o
LOAD ./Cyclone_TCP/cyclone_tcp/dhcpv6/dhcpv6_relay.o
LOAD ./Cyclone_TCP/cyclone_tcp/dhcp/dhcp_client.o
LOAD ./Cyclone_TCP/cyclone_tcp/dhcp/dhcp_client_fsm.o
LOAD ./Cyclone_TCP/cyclone_tcp/dhcp/dhcp_client_misc.o
LOAD ./Cyclone_TCP/cyclone_tcp/dhcp/dhcp_common.o
LOAD ./Cyclone_TCP/cyclone_tcp/dhcp/dhcp_debug.o
LOAD ./Cyclone_TCP/cyclone_tcp/dhcp/dhcp_server.o
LOAD ./Cyclone_TCP/cyclone_tcp/dhcp/dhcp_server_misc.o
LOAD ./Cyclone_TCP/cyclone_tcp/core/bsd_socket.o
LOAD ./Cyclone_TCP/cyclone_tcp/core/ethernet.o
LOAD ./Cyclone_TCP/cyclone_tcp/core/ethernet_misc.o
LOAD ./Cyclone_TCP/cyclone_tcp/core/ip.o
LOAD ./Cyclone_TCP/cyclone_tcp/core/net.o
LOAD ./Cyclone_TCP/cyclone_tcp/core/net_mem.o
LOAD ./Cyclone_TCP/cyclone_tcp/core/net_misc.o
LOAD ./Cyclone_TCP/cyclone_tcp/core/nic.o
LOAD ./Cyclone_TCP/cyclone_tcp/core/ping.o
LOAD ./Cyclone_TCP/cyclone_tcp/core/raw_socket.o
LOAD ./Cyclone_TCP/cyclone_tcp/core/socket.o
LOAD ./Cyclone_TCP/cyclone_tcp/core/socket_misc.o
LOAD ./Cyclone_TCP/cyclone_tcp/core/tcp.o
LOAD ./Cyclone_TCP/cyclone_tcp/core/tcp_fsm.o
LOAD ./Cyclone_TCP/cyclone_tcp/core/tcp_misc.o
LOAD ./Cyclone_TCP/cyclone_tcp/core/tcp_timer.o
LOAD ./Cyclone_TCP/cyclone_tcp/core/udp.o
LOAD ./Cyclone_TCP/cyclone_tcp/coap/coap_client.o
LOAD ./Cyclone_TCP/cyclone_tcp/coap/coap_client_block.o
LOAD ./Cyclone_TCP/cyclone_tcp/coap/coap_client_misc.o
LOAD ./Cyclone_TCP/cyclone_tcp/coap/coap_client_observe.o
LOAD ./Cyclone_TCP/cyclone_tcp/coap/coap_client_request.o
LOAD ./Cyclone_TCP/cyclone_tcp/coap/coap_client_transport.o
LOAD ./Cyclone_TCP/cyclone_tcp/coap/coap_debug.o
LOAD ./Cyclone_TCP/cyclone_tcp/coap/coap_message.o
LOAD ./Cyclone_TCP/cyclone_tcp/coap/coap_option.o
LOAD ./Cyclone_TCP/cyclone_tcp/coap/coap_server.o
LOAD ./Cyclone_TCP/cyclone_tcp/coap/coap_server_misc.o
LOAD ./Cyclone_TCP/cyclone_tcp/coap/coap_server_request.o
LOAD ./Cyclone_TCP/cyclone_tcp/coap/coap_server_transport.o
LOAD ./Cyclone_TCP/cyclone_ssl/dtls_misc.o
LOAD ./Cyclone_TCP/cyclone_ssl/dtls_record.o
LOAD ./Cyclone_TCP/cyclone_ssl/tls.o
LOAD ./Cyclone_TCP/cyclone_ssl/tls13_client.o
LOAD ./Cyclone_TCP/cyclone_ssl/tls13_client_extensions.o
LOAD ./Cyclone_TCP/cyclone_ssl/tls13_client_misc.o
LOAD ./Cyclone_TCP/cyclone_ssl/tls13_common.o
LOAD ./Cyclone_TCP/cyclone_ssl/tls13_key_material.o
LOAD ./Cyclone_TCP/cyclone_ssl/tls13_misc.o
LOAD ./Cyclone_TCP/cyclone_ssl/tls13_server.o
LOAD ./Cyclone_TCP/cyclone_ssl/tls13_server_extensions.o
LOAD ./Cyclone_TCP/cyclone_ssl/tls13_server_misc.o
LOAD ./Cyclone_TCP/cyclone_ssl/tls13_signature.o
LOAD ./Cyclone_TCP/cyclone_ssl/tls13_ticket.o
LOAD ./Cyclone_TCP/cyclone_ssl/tls_cache.o
LOAD ./Cyclone_TCP/cyclone_ssl/tls_certificate.o
LOAD ./Cyclone_TCP/cyclone_ssl/tls_cipher_suites.o
LOAD ./Cyclone_TCP/cyclone_ssl/tls_client.o
LOAD ./Cyclone_TCP/cyclone_ssl/tls_client_extensions.o
LOAD ./Cyclone_TCP/cyclone_ssl/tls_client_fsm.o
LOAD ./Cyclone_TCP/cyclone_ssl/tls_client_misc.o
LOAD ./Cyclone_TCP/cyclone_ssl/tls_common.o
LOAD ./Cyclone_TCP/cyclone_ssl/tls_extensions.o
LOAD ./Cyclone_TCP/cyclone_ssl/tls_ffdhe.o
LOAD ./Cyclone_TCP/cyclone_ssl/tls_handshake.o
LOAD ./Cyclone_TCP/cyclone_ssl/tls_key_material.o
LOAD ./Cyclone_TCP/cyclone_ssl/tls_misc.o
LOAD ./Cyclone_TCP/cyclone_ssl/tls_record.o
LOAD ./Cyclone_TCP/cyclone_ssl/tls_record_decryption.o
LOAD ./Cyclone_TCP/cyclone_ssl/tls_record_encryption.o
LOAD ./Cyclone_TCP/cyclone_ssl/tls_server.o
LOAD ./Cyclone_TCP/cyclone_ssl/tls_server_extensions.o
LOAD ./Cyclone_TCP/cyclone_ssl/tls_server_fsm.o
LOAD ./Cyclone_TCP/cyclone_ssl/tls_server_misc.o
LOAD ./Cyclone_TCP/cyclone_ssl/tls_signature.o
LOAD ./Cyclone_TCP/cyclone_ssl/tls_ticket.o
LOAD ./Cyclone_TCP/cyclone_ssl/tls_transcript_hash.o
LOAD ./Cyclone_TCP/cyclone_crypto/xof/cshake.o
LOAD ./Cyclone_TCP/cyclone_crypto/xof/keccak.o
LOAD ./Cyclone_TCP/cyclone_crypto/xof/shake.o
LOAD ./Cyclone_TCP/cyclone_crypto/rng/yarrow.o
LOAD ./Cyclone_TCP/cyclone_crypto/pkix/pem_export.o
LOAD ./Cyclone_TCP/cyclone_crypto/pkix/pem_import.o
LOAD ./Cyclone_TCP/cyclone_crypto/pkix/pkcs8_key_format.o
LOAD ./Cyclone_TCP/cyclone_crypto/pkix/pkcs8_key_parse.o
LOAD ./Cyclone_TCP/cyclone_crypto/pkix/x509_cert_create.o
LOAD ./Cyclone_TCP/cyclone_crypto/pkix/x509_cert_parse.o
LOAD ./Cyclone_TCP/cyclone_crypto/pkix/x509_cert_validate.o
LOAD ./Cyclone_TCP/cyclone_crypto/pkix/x509_common.o
LOAD ./Cyclone_TCP/cyclone_crypto/pkix/x509_crl_parse.o
LOAD ./Cyclone_TCP/cyclone_crypto/pkix/x509_crl_validate.o
LOAD ./Cyclone_TCP/cyclone_crypto/pkix/x509_csr_create.o
LOAD ./Cyclone_TCP/cyclone_crypto/pkix/x509_csr_parse.o
LOAD ./Cyclone_TCP/cyclone_crypto/pkix/x509_csr_validate.o
LOAD ./Cyclone_TCP/cyclone_crypto/pkix/x509_key_format.o
LOAD ./Cyclone_TCP/cyclone_crypto/pkix/x509_key_parse.o
LOAD ./Cyclone_TCP/cyclone_crypto/pkc/dh.o
LOAD ./Cyclone_TCP/cyclone_crypto/pkc/dsa.o
LOAD ./Cyclone_TCP/cyclone_crypto/pkc/rsa.o
LOAD ./Cyclone_TCP/cyclone_crypto/mpi/mpi.o
LOAD ./Cyclone_TCP/cyclone_crypto/mpi/mpi_arm_v7m_gcc.o
LOAD ./Cyclone_TCP/cyclone_crypto/mac/cmac.o
LOAD ./Cyclone_TCP/cyclone_crypto/mac/gmac.o
LOAD ./Cyclone_TCP/cyclone_crypto/mac/hmac.o
LOAD ./Cyclone_TCP/cyclone_crypto/mac/kmac.o
LOAD ./Cyclone_TCP/cyclone_crypto/mac/poly1305.o
LOAD ./Cyclone_TCP/cyclone_crypto/kdf/bcrypt.o
LOAD ./Cyclone_TCP/cyclone_crypto/kdf/hkdf.o
LOAD ./Cyclone_TCP/cyclone_crypto/kdf/pbkdf.o
LOAD ./Cyclone_TCP/cyclone_crypto/kdf/scrypt.o
LOAD ./Cyclone_TCP/cyclone_crypto/hash/blake2b.o
LOAD ./Cyclone_TCP/cyclone_crypto/hash/blake2b160.o
LOAD ./Cyclone_TCP/cyclone_crypto/hash/blake2b256.o
LOAD ./Cyclone_TCP/cyclone_crypto/hash/blake2b384.o
LOAD ./Cyclone_TCP/cyclone_crypto/hash/blake2b512.o
LOAD ./Cyclone_TCP/cyclone_crypto/hash/blake2s.o
LOAD ./Cyclone_TCP/cyclone_crypto/hash/blake2s128.o
LOAD ./Cyclone_TCP/cyclone_crypto/hash/blake2s160.o
LOAD ./Cyclone_TCP/cyclone_crypto/hash/blake2s224.o
LOAD ./Cyclone_TCP/cyclone_crypto/hash/blake2s256.o
LOAD ./Cyclone_TCP/cyclone_crypto/hash/md2.o
LOAD ./Cyclone_TCP/cyclone_crypto/hash/md4.o
LOAD ./Cyclone_TCP/cyclone_crypto/hash/md5.o
LOAD ./Cyclone_TCP/cyclone_crypto/hash/ripemd128.o
LOAD ./Cyclone_TCP/cyclone_crypto/hash/ripemd160.o
LOAD ./Cyclone_TCP/cyclone_crypto/hash/sha1.o
LOAD ./Cyclone_TCP/cyclone_crypto/hash/sha224.o
LOAD ./Cyclone_TCP/cyclone_crypto/hash/sha256.o
LOAD ./Cyclone_TCP/cyclone_crypto/hash/sha384.o
LOAD ./Cyclone_TCP/cyclone_crypto/hash/sha3_224.o
LOAD ./Cyclone_TCP/cyclone_crypto/hash/sha3_256.o
LOAD ./Cyclone_TCP/cyclone_crypto/hash/sha3_384.o
LOAD ./Cyclone_TCP/cyclone_crypto/hash/sha3_512.o
LOAD ./Cyclone_TCP/cyclone_crypto/hash/sha512.o
LOAD ./Cyclone_TCP/cyclone_crypto/hash/sha512_224.o
LOAD ./Cyclone_TCP/cyclone_crypto/hash/sha512_256.o
LOAD ./Cyclone_TCP/cyclone_crypto/hash/tiger.o
LOAD ./Cyclone_TCP/cyclone_crypto/hash/whirlpool.o
LOAD ./Cyclone_TCP/cyclone_crypto/hardware/stm32h7xx_crypto.o
LOAD ./Cyclone_TCP/cyclone_crypto/hardware/stm32h7xx_crypto_cipher.o
LOAD ./Cyclone_TCP/cyclone_crypto/hardware/stm32h7xx_crypto_hash.o
LOAD ./Cyclone_TCP/cyclone_crypto/hardware/stm32h7xx_crypto_trng.o
LOAD ./Cyclone_TCP/cyclone_crypto/encoding/asn1.o
LOAD ./Cyclone_TCP/cyclone_crypto/encoding/base64.o
LOAD ./Cyclone_TCP/cyclone_crypto/encoding/base64url.o
LOAD ./Cyclone_TCP/cyclone_crypto/encoding/oid.o
LOAD ./Cyclone_TCP/cyclone_crypto/encoding/radix64.o
LOAD ./Cyclone_TCP/cyclone_crypto/ecc/curve25519.o
LOAD ./Cyclone_TCP/cyclone_crypto/ecc/curve448.o
LOAD ./Cyclone_TCP/cyclone_crypto/ecc/ec.o
LOAD ./Cyclone_TCP/cyclone_crypto/ecc/ec_curves.o
LOAD ./Cyclone_TCP/cyclone_crypto/ecc/ecdh.o
LOAD ./Cyclone_TCP/cyclone_crypto/ecc/ecdsa.o
LOAD ./Cyclone_TCP/cyclone_crypto/ecc/ed25519.o
LOAD ./Cyclone_TCP/cyclone_crypto/ecc/ed448.o
LOAD ./Cyclone_TCP/cyclone_crypto/ecc/eddsa.o
LOAD ./Cyclone_TCP/cyclone_crypto/ecc/x25519.o
LOAD ./Cyclone_TCP/cyclone_crypto/ecc/x448.o
LOAD ./Cyclone_TCP/cyclone_crypto/cipher_mode/cbc.o
LOAD ./Cyclone_TCP/cyclone_crypto/cipher_mode/cfb.o
LOAD ./Cyclone_TCP/cyclone_crypto/cipher_mode/ctr.o
LOAD ./Cyclone_TCP/cyclone_crypto/cipher_mode/ecb.o
LOAD ./Cyclone_TCP/cyclone_crypto/cipher_mode/ofb.o
LOAD ./Cyclone_TCP/cyclone_crypto/cipher_mode/xts.o
LOAD ./Cyclone_TCP/cyclone_crypto/cipher/aes.o
LOAD ./Cyclone_TCP/cyclone_crypto/cipher/aria.o
LOAD ./Cyclone_TCP/cyclone_crypto/cipher/blowfish.o
LOAD ./Cyclone_TCP/cyclone_crypto/cipher/camellia.o
LOAD ./Cyclone_TCP/cyclone_crypto/cipher/chacha.o
LOAD ./Cyclone_TCP/cyclone_crypto/cipher/des.o
LOAD ./Cyclone_TCP/cyclone_crypto/cipher/des3.o
LOAD ./Cyclone_TCP/cyclone_crypto/cipher/idea.o
LOAD ./Cyclone_TCP/cyclone_crypto/cipher/present.o
LOAD ./Cyclone_TCP/cyclone_crypto/cipher/rc2.o
LOAD ./Cyclone_TCP/cyclone_crypto/cipher/rc4.o
LOAD ./Cyclone_TCP/cyclone_crypto/cipher/rc6.o
LOAD ./Cyclone_TCP/cyclone_crypto/cipher/salsa20.o
LOAD ./Cyclone_TCP/cyclone_crypto/cipher/seed.o
LOAD ./Cyclone_TCP/cyclone_crypto/cipher/trivium.o
LOAD ./Cyclone_TCP/cyclone_crypto/aead/ccm.o
LOAD ./Cyclone_TCP/cyclone_crypto/aead/chacha20_poly1305.o
LOAD ./Cyclone_TCP/cyclone_crypto/aead/gcm.o
LOAD ./Cyclone_TCP/common/cpu_endian.o
LOAD ./Cyclone_TCP/common/date_time.o
LOAD ./Cyclone_TCP/common/debug.o
LOAD ./Cyclone_TCP/common/os_port_freertos.o
LOAD ./Cyclone_TCP/common/path.o
LOAD ./Cyclone_TCP/common/resource_manager.o
LOAD ./Cyclone_TCP/common/str.o
LOAD ./app_enet.o
LOAD ./app_interface.o
LOAD ./app_periph.o
LOAD ./main.o
LOAD ./neural_network.o
LOAD ./stm32h7xx_hal_msp.o
START GROUP
LOAD d:/programms/toolchain/armtoolchain/9 2020-q2-update/bin/../lib/gcc/arm-none-eabi/9.3.1/thumb/v7e-m+dp/hard\libgcc.a
LOAD d:/programms/toolchain/armtoolchain/9 2020-q2-update/bin/../lib/gcc/arm-none-eabi/9.3.1/../../../../arm-none-eabi/lib/thumb/v7e-m+dp/hard\libg_nano.a
LOAD d:/programms/toolchain/armtoolchain/9 2020-q2-update/bin/../lib/gcc/arm-none-eabi/9.3.1/../../../../arm-none-eabi/lib/thumb/v7e-m+dp/hard\libc_nano.a
END GROUP
START GROUP
LOAD d:/programms/toolchain/armtoolchain/9 2020-q2-update/bin/../lib/gcc/arm-none-eabi/9.3.1/thumb/v7e-m+dp/hard\libgcc.a
LOAD d:/programms/toolchain/armtoolchain/9 2020-q2-update/bin/../lib/gcc/arm-none-eabi/9.3.1/../../../../arm-none-eabi/lib/thumb/v7e-m+dp/hard\libc_nano.a
END GROUP
LOAD d:/programms/toolchain/armtoolchain/9 2020-q2-update/bin/../lib/gcc/arm-none-eabi/9.3.1/thumb/v7e-m+dp/hard/crtend.o
LOAD d:/programms/toolchain/armtoolchain/9 2020-q2-update/bin/../lib/gcc/arm-none-eabi/9.3.1/thumb/v7e-m+dp/hard/crtn.o
                0x20020000                _estack = 0x20020000
                0x00000200                _Min_Heap_Size = 0x200
                0x00000800                _Min_Stack_Size = 0x800

.isr_vector     0x08000000      0x298
                0x08000000                . = ALIGN (0x4)
 *(.isr_vector)
 .isr_vector    0x08000000      0x298 ./MCU/CMSIS/startup_stm32h753xx.o
                0x08000000                g_pfnVectors
                0x08000298                . = ALIGN (0x4)

.text           0x080002a0     0xe150
                0x080002a0                . = ALIGN (0x4)
 *(.text)
 .text          0x080002a0       0x40 d:/programms/toolchain/armtoolchain/9 2020-q2-update/bin/../lib/gcc/arm-none-eabi/9.3.1/thumb/v7e-m+dp/hard/crtbegin.o
 .text          0x080002e0       0x30 d:/programms/toolchain/armtoolchain/9 2020-q2-update/bin/../lib/gcc/arm-none-eabi/9.3.1/thumb/v7e-m+dp/hard\libgcc.a(_aeabi_uldivmod.o)
                0x080002e0                __aeabi_uldivmod
 .text          0x08000310      0x2c4 d:/programms/toolchain/armtoolchain/9 2020-q2-update/bin/../lib/gcc/arm-none-eabi/9.3.1/thumb/v7e-m+dp/hard\libgcc.a(_udivmoddi4.o)
                0x08000310                __udivmoddi4
 .text          0x080005d4        0x4 d:/programms/toolchain/armtoolchain/9 2020-q2-update/bin/../lib/gcc/arm-none-eabi/9.3.1/thumb/v7e-m+dp/hard\libgcc.a(_dvmd_tls.o)
                0x080005d4                __aeabi_idiv0
                0x080005d4                __aeabi_ldiv0
 .text          0x080005d8       0x14 d:/programms/toolchain/armtoolchain/9 2020-q2-update/bin/../lib/gcc/arm-none-eabi/9.3.1/../../../../arm-none-eabi/lib/thumb/v7e-m+dp/hard\libg_nano.a(lib_a-strcmp.o)
                0x080005d8                strcmp
 .text          0x080005ec       0x10 d:/programms/toolchain/armtoolchain/9 2020-q2-update/bin/../lib/gcc/arm-none-eabi/9.3.1/../../../../arm-none-eabi/lib/thumb/v7e-m+dp/hard\libg_nano.a(lib_a-strlen.o)
                0x080005ec                strlen
 *fill*         0x080005fc        0x4 
 .text          0x08000600       0xa0 d:/programms/toolchain/armtoolchain/9 2020-q2-update/bin/../lib/gcc/arm-none-eabi/9.3.1/../../../../arm-none-eabi/lib/thumb/v7e-m+dp/hard\libg_nano.a(lib_a-memchr.o)
                0x08000600                memchr
 *(.text*)
 .text.CalcCRC  0x080006a0       0x2c ./OthLibs/crc16tab.o
                0x080006a0                CalcCRC
 .text.HAL_InitTick
                0x080006cc       0x4c ./MCU/stm32h7xx_hal_driver/Src/stm32h7xx_hal.o
                0x080006cc                HAL_InitTick
 .text.HAL_Init
                0x08000718       0x5c ./MCU/stm32h7xx_hal_driver/Src/stm32h7xx_hal.o
                0x08000718                HAL_Init
 .text.HAL_IncTick
                0x08000774       0x18 ./MCU/stm32h7xx_hal_driver/Src/stm32h7xx_hal.o
                0x08000774                HAL_IncTick
 .text.HAL_GetTick
                0x0800078c        0xc ./MCU/stm32h7xx_hal_driver/Src/stm32h7xx_hal.o
                0x0800078c                HAL_GetTick
 .text.HAL_GetREVID
                0x08000798        0xc ./MCU/stm32h7xx_hal_driver/Src/stm32h7xx_hal.o
                0x08000798                HAL_GetREVID
 .text.HAL_SYSCFG_ETHInterfaceSelect
                0x080007a4       0x14 ./MCU/stm32h7xx_hal_driver/Src/stm32h7xx_hal.o
                0x080007a4                HAL_SYSCFG_ETHInterfaceSelect
 .text.HAL_NVIC_SetPriorityGrouping
                0x080007b8       0x24 ./MCU/stm32h7xx_hal_driver/Src/stm32h7xx_hal_cortex.o
                0x080007b8                HAL_NVIC_SetPriorityGrouping
 .text.HAL_NVIC_SetPriority
                0x080007dc       0x64 ./MCU/stm32h7xx_hal_driver/Src/stm32h7xx_hal_cortex.o
                0x080007dc                HAL_NVIC_SetPriority
 .text.HAL_NVIC_EnableIRQ
                0x08000840       0x1c ./MCU/stm32h7xx_hal_driver/Src/stm32h7xx_hal_cortex.o
                0x08000840                HAL_NVIC_EnableIRQ
 .text.HAL_SYSTICK_Config
                0x0800085c       0x2c ./MCU/stm32h7xx_hal_driver/Src/stm32h7xx_hal_cortex.o
                0x0800085c                HAL_SYSTICK_Config
 .text.HAL_MPU_Disable
                0x08000888       0x20 ./MCU/stm32h7xx_hal_driver/Src/stm32h7xx_hal_cortex.o
                0x08000888                HAL_MPU_Disable
 .text.HAL_MPU_Enable
                0x080008a8       0x24 ./MCU/stm32h7xx_hal_driver/Src/stm32h7xx_hal_cortex.o
                0x080008a8                HAL_MPU_Enable
 .text.HAL_MPU_ConfigRegion
                0x080008cc       0x50 ./MCU/stm32h7xx_hal_driver/Src/stm32h7xx_hal_cortex.o
                0x080008cc                HAL_MPU_ConfigRegion
 .text.HAL_GPIO_Init
                0x0800091c      0x1d8 ./MCU/stm32h7xx_hal_driver/Src/stm32h7xx_hal_gpio.o
                0x0800091c                HAL_GPIO_Init
 .text.HAL_GPIO_WritePin
                0x08000af4        0xa ./MCU/stm32h7xx_hal_driver/Src/stm32h7xx_hal_gpio.o
                0x08000af4                HAL_GPIO_WritePin
 *fill*         0x08000afe        0x2 
 .text.HAL_PWREx_ConfigSupply
                0x08000b00       0x48 ./MCU/stm32h7xx_hal_driver/Src/stm32h7xx_hal_pwr_ex.o
                0x08000b00                HAL_PWREx_ConfigSupply
 .text.HAL_RCC_OscConfig
                0x08000b48      0x528 ./MCU/stm32h7xx_hal_driver/Src/stm32h7xx_hal_rcc.o
                0x08000b48                HAL_RCC_OscConfig
 .text.HAL_RCC_GetSysClockFreq
                0x08001070      0x140 ./MCU/stm32h7xx_hal_driver/Src/stm32h7xx_hal_rcc.o
                0x08001070                HAL_RCC_GetSysClockFreq
 .text.HAL_RCC_ClockConfig
                0x080011b0      0x24c ./MCU/stm32h7xx_hal_driver/Src/stm32h7xx_hal_rcc.o
                0x080011b0                HAL_RCC_ClockConfig
 .text.HAL_RCC_GetHCLKFreq
                0x080013fc       0x44 ./MCU/stm32h7xx_hal_driver/Src/stm32h7xx_hal_rcc.o
                0x080013fc                HAL_RCC_GetHCLKFreq
 .text.HAL_RCC_GetPCLK1Freq
                0x08001440       0x24 ./MCU/stm32h7xx_hal_driver/Src/stm32h7xx_hal_rcc.o
                0x08001440                HAL_RCC_GetPCLK1Freq
 .text.HAL_RCC_GetPCLK2Freq
                0x08001464       0x24 ./MCU/stm32h7xx_hal_driver/Src/stm32h7xx_hal_rcc.o
                0x08001464                HAL_RCC_GetPCLK2Freq
 .text.RCCEx_PLL2_Config
                0x08001488       0xf0 ./MCU/stm32h7xx_hal_driver/Src/stm32h7xx_hal_rcc_ex.o
 .text.RCCEx_PLL3_Config
                0x08001578       0xf0 ./MCU/stm32h7xx_hal_driver/Src/stm32h7xx_hal_rcc_ex.o
 .text.HAL_RCCEx_PeriphCLKConfig
                0x08001668      0x96c ./MCU/stm32h7xx_hal_driver/Src/stm32h7xx_hal_rcc_ex.o
                0x08001668                HAL_RCCEx_PeriphCLKConfig
 .text.HAL_RCCEx_GetD3PCLK1Freq
                0x08001fd4       0x24 ./MCU/stm32h7xx_hal_driver/Src/stm32h7xx_hal_rcc_ex.o
                0x08001fd4                HAL_RCCEx_GetD3PCLK1Freq
 .text.HAL_RCCEx_GetPLL2ClockFreq
                0x08001ff8      0x150 ./MCU/stm32h7xx_hal_driver/Src/stm32h7xx_hal_rcc_ex.o
                0x08001ff8                HAL_RCCEx_GetPLL2ClockFreq
 .text.HAL_RCCEx_GetPLL3ClockFreq
                0x08002148      0x150 ./MCU/stm32h7xx_hal_driver/Src/stm32h7xx_hal_rcc_ex.o
                0x08002148                HAL_RCCEx_GetPLL3ClockFreq
 .text.HAL_SPI_Init
                0x08002298      0x124 ./MCU/stm32h7xx_hal_driver/Src/stm32h7xx_hal_spi.o
                0x08002298                HAL_SPI_Init
 .text.HAL_TIM_Base_Start_IT
                0x080023bc       0x7c ./MCU/stm32h7xx_hal_driver/Src/stm32h7xx_hal_tim.o
                0x080023bc                HAL_TIM_Base_Start_IT
 .text.HAL_TIM_PeriodElapsedCallback
                0x08002438        0x2 ./MCU/stm32h7xx_hal_driver/Src/stm32h7xx_hal_tim.o
                0x08002438                HAL_TIM_PeriodElapsedCallback
 .text.HAL_TIM_OC_DelayElapsedCallback
                0x0800243a        0x2 ./MCU/stm32h7xx_hal_driver/Src/stm32h7xx_hal_tim.o
                0x0800243a                HAL_TIM_OC_DelayElapsedCallback
 .text.HAL_TIM_IC_CaptureCallback
                0x0800243c        0x2 ./MCU/stm32h7xx_hal_driver/Src/stm32h7xx_hal_tim.o
                0x0800243c                HAL_TIM_IC_CaptureCallback
 .text.HAL_TIM_PWM_PulseFinishedCallback
                0x0800243e        0x2 ./MCU/stm32h7xx_hal_driver/Src/stm32h7xx_hal_tim.o
                0x0800243e                HAL_TIM_PWM_PulseFinishedCallback
 .text.HAL_TIM_TriggerCallback
                0x08002440        0x2 ./MCU/stm32h7xx_hal_driver/Src/stm32h7xx_hal_tim.o
                0x08002440                HAL_TIM_TriggerCallback
 .text.HAL_TIM_IRQHandler
                0x08002442      0x160 ./MCU/stm32h7xx_hal_driver/Src/stm32h7xx_hal_tim.o
                0x08002442                HAL_TIM_IRQHandler
 *fill*         0x080025a2        0x2 
 .text.TIM_Base_SetConfig
                0x080025a4       0xcc ./MCU/stm32h7xx_hal_driver/Src/stm32h7xx_hal_tim.o
                0x080025a4                TIM_Base_SetConfig
 .text.HAL_TIM_Base_Init
                0x08002670       0x60 ./MCU/stm32h7xx_hal_driver/Src/stm32h7xx_hal_tim.o
                0x08002670                HAL_TIM_Base_Init
 .text.TIM_ETR_SetConfig
                0x080026d0       0x14 ./MCU/stm32h7xx_hal_driver/Src/stm32h7xx_hal_tim.o
                0x080026d0                TIM_ETR_SetConfig
 .text.HAL_TIM_ConfigClockSource
                0x080026e4      0x17c ./MCU/stm32h7xx_hal_driver/Src/stm32h7xx_hal_tim.o
                0x080026e4                HAL_TIM_ConfigClockSource
 .text.HAL_TIMEx_MasterConfigSynchronization
                0x08002860       0x94 ./MCU/stm32h7xx_hal_driver/Src/stm32h7xx_hal_tim_ex.o
                0x08002860                HAL_TIMEx_MasterConfigSynchronization
 .text.HAL_TIMEx_CommutCallback
                0x080028f4        0x2 ./MCU/stm32h7xx_hal_driver/Src/stm32h7xx_hal_tim_ex.o
                0x080028f4                HAL_TIMEx_CommutCallback
 .text.HAL_TIMEx_BreakCallback
                0x080028f6        0x2 ./MCU/stm32h7xx_hal_driver/Src/stm32h7xx_hal_tim_ex.o
                0x080028f6                HAL_TIMEx_BreakCallback
 .text.HAL_TIMEx_Break2Callback
                0x080028f8        0x2 ./MCU/stm32h7xx_hal_driver/Src/stm32h7xx_hal_tim_ex.o
                0x080028f8                HAL_TIMEx_Break2Callback
 *fill*         0x080028fa        0x2 
 .text.UART_SetConfig
                0x080028fc      0x38c ./MCU/stm32h7xx_hal_driver/Src/stm32h7xx_hal_uart.o
                0x080028fc                UART_SetConfig
 .text.UART_AdvFeatureConfig
                0x08002c88       0xaa ./MCU/stm32h7xx_hal_driver/Src/stm32h7xx_hal_uart.o
                0x08002c88                UART_AdvFeatureConfig
 .text.UART_WaitOnFlagUntilTimeout
                0x08002d32       0xc4 ./MCU/stm32h7xx_hal_driver/Src/stm32h7xx_hal_uart.o
                0x08002d32                UART_WaitOnFlagUntilTimeout
 .text.HAL_UART_Transmit
                0x08002df6       0xba ./MCU/stm32h7xx_hal_driver/Src/stm32h7xx_hal_uart.o
                0x08002df6                HAL_UART_Transmit
 .text.HAL_UART_Receive
                0x08002eb0       0xf2 ./MCU/stm32h7xx_hal_driver/Src/stm32h7xx_hal_uart.o
                0x08002eb0                HAL_UART_Receive
 .text.UART_CheckIdleState
                0x08002fa2       0x6a ./MCU/stm32h7xx_hal_driver/Src/stm32h7xx_hal_uart.o
                0x08002fa2                UART_CheckIdleState
 .text.HAL_UART_Init
                0x0800300c       0x60 ./MCU/stm32h7xx_hal_driver/Src/stm32h7xx_hal_uart.o
                0x0800300c                HAL_UART_Init
 .text.HAL_HalfDuplex_Init
                0x0800306c       0x68 ./MCU/stm32h7xx_hal_driver/Src/stm32h7xx_hal_uart.o
                0x0800306c                HAL_HalfDuplex_Init
 .text.UARTEx_SetNbDataToProcess
                0x080030d4       0x44 ./MCU/stm32h7xx_hal_driver/Src/stm32h7xx_hal_uart_ex.o
 .text.HAL_UARTEx_EnableFifoMode
                0x08003118       0x46 ./MCU/stm32h7xx_hal_driver/Src/stm32h7xx_hal_uart_ex.o
                0x08003118                HAL_UARTEx_EnableFifoMode
 .text.HAL_UARTEx_SetTxFifoThreshold
                0x0800315e       0x48 ./MCU/stm32h7xx_hal_driver/Src/stm32h7xx_hal_uart_ex.o
                0x0800315e                HAL_UARTEx_SetTxFifoThreshold
 .text.HAL_UARTEx_SetRxFifoThreshold
                0x080031a6       0x48 ./MCU/stm32h7xx_hal_driver/Src/stm32h7xx_hal_uart_ex.o
                0x080031a6                HAL_UARTEx_SetRxFifoThreshold
 *fill*         0x080031ee        0x2 
 .text.Reset_Handler
                0x080031f0       0x50 ./MCU/CMSIS/startup_stm32h753xx.o
                0x080031f0                Reset_Handler
 .text.Default_Handler
                0x08003240        0x2 ./MCU/CMSIS/startup_stm32h753xx.o
                0x08003240                RTC_Alarm_IRQHandler
                0x08003240                HASH_RNG_IRQHandler
                0x08003240                EXTI2_IRQHandler
                0x08003240                TIM8_CC_IRQHandler
                0x08003240                HRTIM1_Master_IRQHandler
                0x08003240                UART8_IRQHandler
                0x08003240                SPI4_IRQHandler
                0x08003240                TIM1_CC_IRQHandler
                0x08003240                BDMA_Channel6_IRQHandler
                0x08003240                DMA2_Stream5_IRQHandler
                0x08003240                HRTIM1_FLT_IRQHandler
                0x08003240                JPEG_IRQHandler
                0x08003240                DMA1_Stream5_IRQHandler
                0x08003240                BDMA_Channel1_IRQHandler
                0x08003240                HRTIM1_TIMD_IRQHandler
                0x08003240                TAMP_STAMP_IRQHandler
                0x08003240                EXTI3_IRQHandler
                0x08003240                LPTIM4_IRQHandler
                0x08003240                TIM8_TRG_COM_TIM14_IRQHandler
                0x08003240                LPTIM2_IRQHandler
                0x08003240                DFSDM1_FLT1_IRQHandler
                0x08003240                DMAMUX2_OVR_IRQHandler
                0x08003240                TIM8_UP_TIM13_IRQHandler
                0x08003240                I2C3_ER_IRQHandler
                0x08003240                DFSDM1_FLT2_IRQHandler
                0x08003240                MDMA_IRQHandler
                0x08003240                LPTIM3_IRQHandler
                0x08003240                HSEM1_IRQHandler
                0x08003240                EXTI0_IRQHandler
                0x08003240                I2C2_EV_IRQHandler
                0x08003240                DMA1_Stream2_IRQHandler
                0x08003240                FPU_IRQHandler
                0x08003240                OTG_HS_WKUP_IRQHandler
                0x08003240                FDCAN1_IT1_IRQHandler
                0x08003240                LTDC_ER_IRQHandler
                0x08003240                DMA2_Stream2_IRQHandler
                0x08003240                HRTIM1_TIME_IRQHandler
                0x08003240                SPI1_IRQHandler
                0x08003240                TIM6_DAC_IRQHandler
                0x08003240                DCMI_IRQHandler
                0x08003240                HRTIM1_TIMC_IRQHandler
                0x08003240                DMA2_Stream3_IRQHandler
                0x08003240                SAI2_IRQHandler
                0x08003240                DFSDM1_FLT3_IRQHandler
                0x08003240                USART6_IRQHandler
                0x08003240                TIM17_IRQHandler
                0x08003240                USART3_IRQHandler
                0x08003240                BDMA_Channel7_IRQHandler
                0x08003240                CRYP_IRQHandler
                0x08003240                LPTIM5_IRQHandler
                0x08003240                UART5_IRQHandler
                0x08003240                ADC3_IRQHandler
                0x08003240                DMA2_Stream0_IRQHandler
                0x08003240                TIM4_IRQHandler
                0x08003240                BDMA_Channel2_IRQHandler
                0x08003240                QUADSPI_IRQHandler
                0x08003240                I2C1_EV_IRQHandler
                0x08003240                DMA1_Stream6_IRQHandler
                0x08003240                DMAMUX1_OVR_IRQHandler
                0x08003240                DMA1_Stream1_IRQHandler
                0x08003240                TIM16_IRQHandler
                0x08003240                UART4_IRQHandler
                0x08003240                BDMA_Channel5_IRQHandler
                0x08003240                TIM3_IRQHandler
                0x08003240                RCC_IRQHandler
                0x08003240                TIM8_BRK_TIM12_IRQHandler
                0x08003240                TIM1_TRG_COM_IRQHandler
                0x08003240                Default_Handler
                0x08003240                ECC_IRQHandler
                0x08003240                CEC_IRQHandler
                0x08003240                EXTI15_10_IRQHandler
                0x08003240                BDMA_Channel0_IRQHandler
                0x08003240                ADC_IRQHandler
                0x08003240                DMA1_Stream7_IRQHandler
                0x08003240                HRTIM1_TIMA_IRQHandler
                0x08003240                SPI5_IRQHandler
                0x08003240                TIM7_IRQHandler
                0x08003240                SDMMC1_IRQHandler
                0x08003240                TIM5_IRQHandler
                0x08003240                DMA2_Stream7_IRQHandler
                0x08003240                TIM15_IRQHandler
                0x08003240                PVD_AVD_IRQHandler
                0x08003240                I2C3_EV_IRQHandler
                0x08003240                EXTI9_5_IRQHandler
                0x08003240                RTC_WKUP_IRQHandler
                0x08003240                LTDC_IRQHandler
                0x08003240                SAI3_IRQHandler
                0x08003240                ETH_WKUP_IRQHandler
                0x08003240                SPDIF_RX_IRQHandler
                0x08003240                SPI2_IRQHandler
                0x08003240                OTG_HS_EP1_IN_IRQHandler
                0x08003240                DMA1_Stream0_IRQHandler
                0x08003240                CRS_IRQHandler
                0x08003240                EXTI4_IRQHandler
                0x08003240                HRTIM1_TIMB_IRQHandler
                0x08003240                FDCAN2_IT1_IRQHandler
                0x08003240                TIM1_UP_IRQHandler
                0x08003240                BDMA_Channel4_IRQHandler
                0x08003240                OTG_HS_EP1_OUT_IRQHandler
                0x08003240                WWDG_IRQHandler
                0x08003240                SPI6_IRQHandler
                0x08003240                MDIOS_IRQHandler
                0x08003240                I2C4_EV_IRQHandler
                0x08003240                FDCAN2_IT0_IRQHandler
                0x08003240                LPUART1_IRQHandler
                0x08003240                FDCAN1_IT0_IRQHandler
                0x08003240                OTG_FS_WKUP_IRQHandler
                0x08003240                OTG_HS_IRQHandler
                0x08003240                DMA2D_IRQHandler
                0x08003240                TIM1_BRK_IRQHandler
                0x08003240                EXTI1_IRQHandler
                0x08003240                SDMMC2_IRQHandler
                0x08003240                OTG_FS_EP1_OUT_IRQHandler
                0x08003240                BDMA_Channel3_IRQHandler
                0x08003240                UART7_IRQHandler
                0x08003240                MDIOS_WKUP_IRQHandler
                0x08003240                USART2_IRQHandler
                0x08003240                DFSDM1_FLT0_IRQHandler
                0x08003240                SAI4_IRQHandler
                0x08003240                I2C2_ER_IRQHandler
                0x08003240                DMA2_Stream1_IRQHandler
                0x08003240                FLASH_IRQHandler
                0x08003240                DMA2_Stream4_IRQHandler
                0x08003240                USART1_IRQHandler
                0x08003240                OTG_FS_IRQHandler
                0x08003240                SPI3_IRQHandler
                0x08003240                WAKEUP_PIN_IRQHandler
                0x08003240                DMA1_Stream4_IRQHandler
                0x08003240                OTG_FS_EP1_IN_IRQHandler
                0x08003240                I2C1_ER_IRQHandler
                0x08003240                FMC_IRQHandler
                0x08003240                FDCAN_CAL_IRQHandler
                0x08003240                SWPMI1_IRQHandler
                0x08003240                COMP1_IRQHandler
                0x08003240                LPTIM1_IRQHandler
                0x08003240                I2C4_ER_IRQHandler
                0x08003240                DMA2_Stream6_IRQHandler
                0x08003240                SAI1_IRQHandler
                0x08003240                DMA1_Stream3_IRQHandler
 .text.NMI_Handler
                0x08003242        0x2 ./MCU/CMSIS/stm32h7xx_it.o
                0x08003242                NMI_Handler
 .text.HardFault_Handler
                0x08003244       0x4c ./MCU/CMSIS/stm32h7xx_it.o
                0x08003244                HardFault_Handler
 .text.MemManage_Handler
                0x08003290        0x2 ./MCU/CMSIS/stm32h7xx_it.o
                0x08003290                MemManage_Handler
 .text.BusFault_Handler
                0x08003292        0x2 ./MCU/CMSIS/stm32h7xx_it.o
                0x08003292                BusFault_Handler
 .text.UsageFault_Handler
                0x08003294        0x2 ./MCU/CMSIS/stm32h7xx_it.o
                0x08003294                UsageFault_Handler
 .text.DebugMon_Handler
                0x08003296        0x2 ./MCU/CMSIS/stm32h7xx_it.o
                0x08003296                DebugMon_Handler
 .text.SysTick_Handler
                0x08003298       0x18 ./MCU/CMSIS/stm32h7xx_it.o
                0x08003298                SysTick_Handler
 .text.Error_Handler
                0x080032b0        0x4 ./MCU/CMSIS/stm32h7xx_it.o
                0x080032b0                Error_Handler
 .text._close   0x080032b4        0x6 ./MCU/CMSIS/syscalls.o
                0x080032b4                _close
 .text._fstat   0x080032ba        0xa ./MCU/CMSIS/syscalls.o
                0x080032ba                _fstat
 .text._isatty  0x080032c4        0x4 ./MCU/CMSIS/syscalls.o
                0x080032c4                _isatty
 .text._lseek   0x080032c8        0x4 ./MCU/CMSIS/syscalls.o
                0x080032c8                _lseek
 .text._sbrk    0x080032cc       0x40 ./MCU/CMSIS/sysmem.o
                0x080032cc                _sbrk
 .text.SystemInit
                0x0800330c       0xc0 ./MCU/CMSIS/system_stm32h7xx.o
                0x0800330c                SystemInit
 .text.prvInsertBlockIntoFreeList
                0x080033cc       0x48 ./FreeRTOS/portable/MemMang/heap_5.o
 .text.pvPortMalloc
                0x08003414       0xb0 ./FreeRTOS/portable/MemMang/heap_5.o
                0x08003414                pvPortMalloc
 .text.vPortFree
                0x080034c4       0x58 ./FreeRTOS/portable/MemMang/heap_5.o
                0x080034c4                vPortFree
 .text.xPortGetFreeHeapSize
                0x0800351c        0xc ./FreeRTOS/portable/MemMang/heap_5.o
                0x0800351c                xPortGetFreeHeapSize
 .text.xPortGetMinimumEverFreeHeapSize
                0x08003528        0xc ./FreeRTOS/portable/MemMang/heap_5.o
                0x08003528                xPortGetMinimumEverFreeHeapSize
 .text.vPortDefineHeapRegions
                0x08003534       0x88 ./FreeRTOS/portable/MemMang/heap_5.o
                0x08003534                vPortDefineHeapRegions
 .text.prvTaskExitError
                0x080035bc       0x20 ./FreeRTOS/portable/GCC/ARM_CM4F/port.o
 .text.prvPortStartFirstTask
                0x080035dc       0x28 ./FreeRTOS/portable/GCC/ARM_CM4F/port.o
 .text.vPortEnableVFP
                0x08003604       0x14 ./FreeRTOS/portable/GCC/ARM_CM4F/port.o
 .text.pxPortInitialiseStack
                0x08003618       0x24 ./FreeRTOS/portable/GCC/ARM_CM4F/port.o
                0x08003618                pxPortInitialiseStack
 *fill*         0x0800363c        0x4 
 .text.SVC_Handler
                0x08003640       0x24 ./FreeRTOS/portable/GCC/ARM_CM4F/port.o
                0x08003640                SVC_Handler
 .text.vPortEnterCritical
                0x08003664       0x20 ./FreeRTOS/portable/GCC/ARM_CM4F/port.o
                0x08003664                vPortEnterCritical
 .text.vPortExitCritical
                0x08003684       0x14 ./FreeRTOS/portable/GCC/ARM_CM4F/port.o
                0x08003684                vPortExitCritical
 *fill*         0x08003698        0x8 
 .text.PendSV_Handler
                0x080036a0       0x64 ./FreeRTOS/portable/GCC/ARM_CM4F/port.o
                0x080036a0                PendSV_Handler
 .text.xPortSysTickHandler
                0x08003704       0x2c ./FreeRTOS/portable/GCC/ARM_CM4F/port.o
                0x08003704                xPortSysTickHandler
 .text.vPortSetupTimerInterrupt
                0x08003730       0x34 ./FreeRTOS/portable/GCC/ARM_CM4F/port.o
                0x08003730                vPortSetupTimerInterrupt
 .text.xPortStartScheduler
                0x08003764       0x48 ./FreeRTOS/portable/GCC/ARM_CM4F/port.o
                0x08003764                xPortStartScheduler
 .text.vListInitialise
                0x080037ac       0x16 ./FreeRTOS/list.o
                0x080037ac                vListInitialise
 .text.vListInitialiseItem
                0x080037c2        0x6 ./FreeRTOS/list.o
                0x080037c2                vListInitialiseItem
 .text.vListInsertEnd
                0x080037c8       0x18 ./FreeRTOS/list.o
                0x080037c8                vListInsertEnd
 .text.vListInsert
                0x080037e0       0x2e ./FreeRTOS/list.o
                0x080037e0                vListInsert
 .text.uxListRemove
                0x0800380e       0x20 ./FreeRTOS/list.o
                0x0800380e                uxListRemove
 .text.prvIsQueueEmpty
                0x0800382e       0x16 ./FreeRTOS/queue.o
 .text.prvCopyDataToQueue
                0x08003844       0x6a ./FreeRTOS/queue.o
 .text.prvCopyDataFromQueue
                0x080038ae       0x2a ./FreeRTOS/queue.o
 .text.prvUnlockQueue
                0x080038d8       0x70 ./FreeRTOS/queue.o
 .text.xQueueGenericReset
                0x08003948       0x6c ./FreeRTOS/queue.o
                0x08003948                xQueueGenericReset
 .text.xQueueGenericCreate
                0x080039b4       0x34 ./FreeRTOS/queue.o
                0x080039b4                xQueueGenericCreate
 .text.xQueueGenericSend
                0x080039e8      0x104 ./FreeRTOS/queue.o
                0x080039e8                xQueueGenericSend
 .text.xQueueCreateMutex
                0x08003aec       0x24 ./FreeRTOS/queue.o
                0x08003aec                xQueueCreateMutex
 .text.xQueueGiveFromISR
                0x08003b10       0x5c ./FreeRTOS/queue.o
                0x08003b10                xQueueGiveFromISR
 .text.xQueueReceive
                0x08003b6c       0xf0 ./FreeRTOS/queue.o
                0x08003b6c                xQueueReceive
 .text.xQueueSemaphoreTake
                0x08003c5c      0x128 ./FreeRTOS/queue.o
                0x08003c5c                xQueueSemaphoreTake
 .text.uxQueueMessagesWaiting
                0x08003d84       0x16 ./FreeRTOS/queue.o
                0x08003d84                uxQueueMessagesWaiting
 *fill*         0x08003d9a        0x2 
 .text.vQueueUnregisterQueue
                0x08003d9c       0x30 ./FreeRTOS/queue.o
                0x08003d9c                vQueueUnregisterQueue
 .text.vQueueDelete
                0x08003dcc        0xe ./FreeRTOS/queue.o
                0x08003dcc                vQueueDelete
 *fill*         0x08003dda        0x2 
 .text.prvResetNextTaskUnblockTime
                0x08003ddc       0x24 ./FreeRTOS/tasks.o
 .text.prvAddCurrentTaskToDelayedList
                0x08003e00       0x8c ./FreeRTOS/tasks.o
 .text.prvIdleTask
                0x08003e8c       0x48 ./FreeRTOS/tasks.o
 .text.xTaskCreate
                0x08003ed4      0x1dc ./FreeRTOS/tasks.o
                0x08003ed4                xTaskCreate
 .text.eTaskGetState
                0x080040b0       0x70 ./FreeRTOS/tasks.o
                0x080040b0                eTaskGetState
 .text.vTaskStartScheduler
                0x08004120       0x64 ./FreeRTOS/tasks.o
                0x08004120                vTaskStartScheduler
 .text.vTaskSuspendAll
                0x08004184       0x10 ./FreeRTOS/tasks.o
                0x08004184                vTaskSuspendAll
 .text.xTaskGetTickCount
                0x08004194        0xc ./FreeRTOS/tasks.o
                0x08004194                xTaskGetTickCount
 .text.uxTaskGetNumberOfTasks
                0x080041a0        0xc ./FreeRTOS/tasks.o
                0x080041a0                uxTaskGetNumberOfTasks
 .text.xTaskIncrementTick
                0x080041ac      0x114 ./FreeRTOS/tasks.o
                0x080041ac                xTaskIncrementTick
 .text.xTaskResumeAll
                0x080042c0       0xd8 ./FreeRTOS/tasks.o
                0x080042c0                xTaskResumeAll
 .text.vTaskDelay
                0x08004398       0x30 ./FreeRTOS/tasks.o
                0x08004398                vTaskDelay
 .text.vTaskSwitchContext
                0x080043c8       0xa8 ./FreeRTOS/tasks.o
                0x080043c8                vTaskSwitchContext
 .text.vTaskPlaceOnEventList
                0x08004470       0x20 ./FreeRTOS/tasks.o
                0x08004470                vTaskPlaceOnEventList
 .text.xTaskRemoveFromEventList
                0x08004490       0x78 ./FreeRTOS/tasks.o
                0x08004490                xTaskRemoveFromEventList
 .text.vTaskInternalSetTimeOutState
                0x08004508       0x18 ./FreeRTOS/tasks.o
                0x08004508                vTaskInternalSetTimeOutState
 .text.xTaskCheckForTimeOut
                0x08004520       0x50 ./FreeRTOS/tasks.o
                0x08004520                xTaskCheckForTimeOut
 .text.vTaskMissedYield
                0x08004570        0xc ./FreeRTOS/tasks.o
                0x08004570                vTaskMissedYield
 .text.vTaskGetInfo
                0x0800457c       0x7c ./FreeRTOS/tasks.o
                0x0800457c                vTaskGetInfo
 .text.prvListTasksWithinSingleList
                0x080045f8       0x5c ./FreeRTOS/tasks.o
 .text.uxTaskGetSystemState
                0x08004654       0xac ./FreeRTOS/tasks.o
                0x08004654                uxTaskGetSystemState
 .text.xTaskGetSchedulerState
                0x08004700       0x20 ./FreeRTOS/tasks.o
                0x08004700                xTaskGetSchedulerState
 .text.xTaskPriorityInherit
                0x08004720       0x9c ./FreeRTOS/tasks.o
                0x08004720                xTaskPriorityInherit
 .text.xTaskPriorityDisinherit
                0x080047bc       0x74 ./FreeRTOS/tasks.o
                0x080047bc                xTaskPriorityDisinherit
 .text.vTaskPriorityDisinheritAfterTimeout
                0x08004830       0x80 ./FreeRTOS/tasks.o
                0x08004830                vTaskPriorityDisinheritAfterTimeout
 .text.pvTaskIncrementMutexHeldCount
                0x080048b0       0x18 ./FreeRTOS/tasks.o
                0x080048b0                pvTaskIncrementMutexHeldCount
 .text.nbnsSendQuery
                0x080048c8       0xbc ./Cyclone_TCP/cyclone_tcp/netbios/nbns_client.o
                0x080048c8                nbnsSendQuery
 .text.nbnsProcessResponse
                0x08004984       0xe0 ./Cyclone_TCP/cyclone_tcp/netbios/nbns_client.o
                0x08004984                nbnsProcessResponse
 .text.nbnsProcessMessage
                0x08004a64       0x6e ./Cyclone_TCP/cyclone_tcp/netbios/nbns_common.o
                0x08004a64                nbnsProcessMessage
 *fill*         0x08004ad2        0x2 
 .text.nbnsInit
                0x08004ad4       0x10 ./Cyclone_TCP/cyclone_tcp/netbios/nbns_common.o
                0x08004ad4                nbnsInit
 .text.nbnsEncodeName
                0x08004ae4       0x78 ./Cyclone_TCP/cyclone_tcp/netbios/nbns_common.o
                0x08004ae4                nbnsEncodeName
 .text.nbnsParseName
                0x08004b5c       0x7c ./Cyclone_TCP/cyclone_tcp/netbios/nbns_common.o
                0x08004b5c                nbnsParseName
 .text.nbnsCompareName
                0x08004bd8       0x9c ./Cyclone_TCP/cyclone_tcp/netbios/nbns_common.o
                0x08004bd8                nbnsCompareName
 .text.nbnsSendResponse
                0x08004c74       0xd8 ./Cyclone_TCP/cyclone_tcp/netbios/nbns_responder.o
                0x08004c74                nbnsSendResponse
 .text.nbnsProcessQuery
                0x08004d4c       0x76 ./Cyclone_TCP/cyclone_tcp/netbios/nbns_responder.o
                0x08004d4c                nbnsProcessQuery
 .text.arpInit  0x08004dc2       0x14 ./Cyclone_TCP/cyclone_tcp/ipv4/arp.o
                0x08004dc2                arpInit
 .text.arpFindEntry
                0x08004dd6       0x2c ./Cyclone_TCP/cyclone_tcp/ipv4/arp.o
                0x08004dd6                arpFindEntry
 .text.arpSendQueuedPackets
                0x08004e02       0x64 ./Cyclone_TCP/cyclone_tcp/ipv4/arp.o
                0x08004e02                arpSendQueuedPackets
 .text.arpFlushQueuedPackets
                0x08004e66       0x2a ./Cyclone_TCP/cyclone_tcp/ipv4/arp.o
                0x08004e66                arpFlushQueuedPackets
 .text.arpFlushCache
                0x08004e90       0x1e ./Cyclone_TCP/cyclone_tcp/ipv4/arp.o
                0x08004e90                arpFlushCache
 .text.arpCreateEntry
                0x08004eae       0x4c ./Cyclone_TCP/cyclone_tcp/ipv4/arp.o
                0x08004eae                arpCreateEntry
 .text.arpEnqueuePacket
                0x08004efa       0xa0 ./Cyclone_TCP/cyclone_tcp/ipv4/arp.o
                0x08004efa                arpEnqueuePacket
 *fill*         0x08004f9a        0x2 
 .text.arpProcessReply
                0x08004f9c       0xb4 ./Cyclone_TCP/cyclone_tcp/ipv4/arp.o
                0x08004f9c                arpProcessReply
 .text.arpSendProbe
                0x08005050       0xb4 ./Cyclone_TCP/cyclone_tcp/ipv4/arp.o
                0x08005050                arpSendProbe
 .text.arpSendRequest
                0x08005104       0xbc ./Cyclone_TCP/cyclone_tcp/ipv4/arp.o
                0x08005104                arpSendRequest
 .text.arpResolve
                0x080051c0       0x74 ./Cyclone_TCP/cyclone_tcp/ipv4/arp.o
                0x080051c0                arpResolve
 .text.arpTick  0x08005234       0xec ./Cyclone_TCP/cyclone_tcp/ipv4/arp.o
                0x08005234                arpTick
 .text.arpSendReply
                0x08005320       0xa8 ./Cyclone_TCP/cyclone_tcp/ipv4/arp.o
                0x08005320                arpSendReply
 .text.arpProcessRequest
                0x080053c8       0x60 ./Cyclone_TCP/cyclone_tcp/ipv4/arp.o
                0x080053c8                arpProcessRequest
 .text.arpProcessPacket
                0x08005428       0x88 ./Cyclone_TCP/cyclone_tcp/ipv4/arp.o
                0x08005428                arpProcessPacket
 .text.autoIpChangeState
                0x080054b0       0x3c ./Cyclone_TCP/cyclone_tcp/ipv4/auto_ip_misc.o
                0x080054b0                autoIpChangeState
 .text.autoIpGenerateAddr
                0x080054ec       0x34 ./Cyclone_TCP/cyclone_tcp/ipv4/auto_ip_misc.o
                0x080054ec                autoIpGenerateAddr
 .text.autoIpResetConfig
                0x08005520       0x1a ./Cyclone_TCP/cyclone_tcp/ipv4/auto_ip_misc.o
                0x08005520                autoIpResetConfig
 *fill*         0x0800553a        0x2 
 .text.autoIpLinkChangeEvent
                0x0800553c       0x3c ./Cyclone_TCP/cyclone_tcp/ipv4/auto_ip_misc.o
                0x0800553c                autoIpLinkChangeEvent
 .text.autoIpDumpConfig
                0x08005578       0xa0 ./Cyclone_TCP/cyclone_tcp/ipv4/auto_ip_misc.o
                0x08005578                autoIpDumpConfig
 .text.autoIpTick
                0x08005618      0x1ac ./Cyclone_TCP/cyclone_tcp/ipv4/auto_ip_misc.o
                0x08005618                autoIpTick
 .text.icmpProcessEchoRequest
                0x080057c4       0xf4 ./Cyclone_TCP/cyclone_tcp/ipv4/icmp.o
                0x080057c4                icmpProcessEchoRequest
 .text.icmpProcessMessage
                0x080058b8       0x4a ./Cyclone_TCP/cyclone_tcp/ipv4/icmp.o
                0x080058b8                icmpProcessMessage
 *fill*         0x08005902        0x2 
 .text.icmpSendErrorMessage
                0x08005904      0x11c ./Cyclone_TCP/cyclone_tcp/ipv4/icmp.o
                0x08005904                icmpSendErrorMessage
 .text.ipv4Init
                0x08005a20       0x52 ./Cyclone_TCP/cyclone_tcp/ipv4/ipv4.o
                0x08005a20                ipv4Init
 *fill*         0x08005a72        0x2 
 .text.ipv4SetHostAddrEx
                0x08005a74       0x4c ./Cyclone_TCP/cyclone_tcp/ipv4/ipv4.o
                0x08005a74                ipv4SetHostAddrEx
 .text.ipv4SetHostAddr
                0x08005ac0        0x8 ./Cyclone_TCP/cyclone_tcp/ipv4/ipv4.o
                0x08005ac0                ipv4SetHostAddr
 .text.ipv4SetSubnetMaskEx
                0x08005ac8       0x30 ./Cyclone_TCP/cyclone_tcp/ipv4/ipv4.o
                0x08005ac8                ipv4SetSubnetMaskEx
 .text.ipv4SetSubnetMask
                0x08005af8        0x8 ./Cyclone_TCP/cyclone_tcp/ipv4/ipv4.o
                0x08005af8                ipv4SetSubnetMask
 .text.ipv4SetDefaultGatewayEx
                0x08005b00       0x3c ./Cyclone_TCP/cyclone_tcp/ipv4/ipv4.o
                0x08005b00                ipv4SetDefaultGatewayEx
 .text.ipv4SetDefaultGateway
                0x08005b3c        0x8 ./Cyclone_TCP/cyclone_tcp/ipv4/ipv4.o
                0x08005b3c                ipv4SetDefaultGateway
 .text.ipv4LinkChangeEvent
                0x08005b44       0x30 ./Cyclone_TCP/cyclone_tcp/ipv4/ipv4.o
                0x08005b44                ipv4LinkChangeEvent
 .text.ipv4ProcessDatagram
                0x08005b74       0xbe ./Cyclone_TCP/cyclone_tcp/ipv4/ipv4.o
                0x08005b74                ipv4ProcessDatagram
 .text.ipv4ProcessPacket
                0x08005c32       0xca ./Cyclone_TCP/cyclone_tcp/ipv4/ipv4.o
                0x08005c32                ipv4ProcessPacket
 .text.ipv4SendPacket
                0x08005cfc      0x1d4 ./Cyclone_TCP/cyclone_tcp/ipv4/ipv4.o
                0x08005cfc                ipv4SendPacket
 .text.ipv4SendDatagram
                0x08005ed0       0x4e ./Cyclone_TCP/cyclone_tcp/ipv4/ipv4.o
                0x08005ed0                ipv4SendDatagram
 *fill*         0x08005f1e        0x2 
 .text.ipv4StringToAddr
                0x08005f20       0x58 ./Cyclone_TCP/cyclone_tcp/ipv4/ipv4.o
                0x08005f20                ipv4StringToAddr
 .text.ipv4AddrToString
                0x08005f78       0x30 ./Cyclone_TCP/cyclone_tcp/ipv4/ipv4.o
                0x08005f78                ipv4AddrToString
 .text.ipv4DumpHeader
                0x08005fa8        0x2 ./Cyclone_TCP/cyclone_tcp/ipv4/ipv4.o
                0x08005fa8                ipv4DumpHeader
 .text.ipv4FragmentDatagram
                0x08005faa       0xd6 ./Cyclone_TCP/cyclone_tcp/ipv4/ipv4_frag.o
                0x08005faa                ipv4FragmentDatagram
 .text.ipv4FlushFragQueue
                0x08006080       0x30 ./Cyclone_TCP/cyclone_tcp/ipv4/ipv4_frag.o
                0x08006080                ipv4FlushFragQueue
 .text.ipv4FindHole
                0x080060b0        0xa ./Cyclone_TCP/cyclone_tcp/ipv4/ipv4_frag.o
                0x080060b0                ipv4FindHole
 .text.ipv4FragTick
                0x080060ba       0x76 ./Cyclone_TCP/cyclone_tcp/ipv4/ipv4_frag.o
                0x080060ba                ipv4FragTick
 .text.ipv4SearchFragQueue
                0x08006130       0xd8 ./Cyclone_TCP/cyclone_tcp/ipv4/ipv4_frag.o
                0x08006130                ipv4SearchFragQueue
 .text.ipv4ReassembleDatagram
                0x08006208      0x1be ./Cyclone_TCP/cyclone_tcp/ipv4/ipv4_frag.o
                0x08006208                ipv4ReassembleDatagram
 .text.ipv4AddRouterAlertOption
                0x080063c6       0x28 ./Cyclone_TCP/cyclone_tcp/ipv4/ipv4_misc.o
                0x080063c6                ipv4AddRouterAlertOption
 .text.ipv4SelectDefaultGateway
                0x080063ee       0x22 ./Cyclone_TCP/cyclone_tcp/ipv4/ipv4_misc.o
                0x080063ee                ipv4SelectDefaultGateway
 .text.ipv4IsOnLink
                0x08006410       0x1e ./Cyclone_TCP/cyclone_tcp/ipv4/ipv4_misc.o
                0x08006410                ipv4IsOnLink
 .text.ipv4IsBroadcastAddr
                0x0800642e       0x38 ./Cyclone_TCP/cyclone_tcp/ipv4/ipv4_misc.o
                0x0800642e                ipv4IsBroadcastAddr
 .text.ipv4CheckSourceAddr
                0x08006466       0x1a ./Cyclone_TCP/cyclone_tcp/ipv4/ipv4_misc.o
                0x08006466                ipv4CheckSourceAddr
 .text.ipv4CheckDestAddr
                0x08006480       0x4c ./Cyclone_TCP/cyclone_tcp/ipv4/ipv4_misc.o
                0x08006480                ipv4CheckDestAddr
 .text.ipv4IsTentativeAddr
                0x080064cc       0x18 ./Cyclone_TCP/cyclone_tcp/ipv4/ipv4_misc.o
                0x080064cc                ipv4IsTentativeAddr
 .text.ipv4IsLocalHostAddr
                0x080064e4       0x28 ./Cyclone_TCP/cyclone_tcp/ipv4/ipv4_misc.o
                0x080064e4                ipv4IsLocalHostAddr
 .text.ipv4GetAddrScope
                0x0800650c       0x38 ./Cyclone_TCP/cyclone_tcp/ipv4/ipv4_misc.o
                0x0800650c                ipv4GetAddrScope
 .text.ipv4GetPrefixLength
                0x08006544       0x1e ./Cyclone_TCP/cyclone_tcp/ipv4/ipv4_misc.o
                0x08006544                ipv4GetPrefixLength
 *fill*         0x08006562        0x2 
 .text.ipv4SelectSourceAddr
                0x08006564       0xf4 ./Cyclone_TCP/cyclone_tcp/ipv4/ipv4_misc.o
                0x08006564                ipv4SelectSourceAddr
 .text.ipv4GetBroadcastAddr
                0x08006658       0x1c ./Cyclone_TCP/cyclone_tcp/ipv4/ipv4_misc.o
                0x08006658                ipv4GetBroadcastAddr
 .text.ipv4MapMulticastAddrToMac
                0x08006674       0x2e ./Cyclone_TCP/cyclone_tcp/ipv4/ipv4_misc.o
                0x08006674                ipv4MapMulticastAddrToMac
 .text.ipv4UpdateInStats
                0x080066a2        0x2 ./Cyclone_TCP/cyclone_tcp/ipv4/ipv4_misc.o
                0x080066a2                ipv4UpdateInStats
 .text.ipv4UpdateOutStats
                0x080066a4        0x2 ./Cyclone_TCP/cyclone_tcp/ipv4/ipv4_misc.o
                0x080066a4                ipv4UpdateOutStats
 .text.ipv4UpdateErrorStats
                0x080066a6        0x2 ./Cyclone_TCP/cyclone_tcp/ipv4/ipv4_misc.o
                0x080066a6                ipv4UpdateErrorStats
 .text.ksz8081EnableIrq
                0x080066a8        0xa ./Cyclone_TCP/cyclone_tcp/drivers/phy/ksz8081_driver.o
                0x080066a8                ksz8081EnableIrq
 .text.ksz8081DisableIrq
                0x080066b2        0xa ./Cyclone_TCP/cyclone_tcp/drivers/phy/ksz8081_driver.o
                0x080066b2                ksz8081DisableIrq
 .text.ksz8081WritePhyReg
                0x080066bc       0x22 ./Cyclone_TCP/cyclone_tcp/drivers/phy/ksz8081_driver.o
                0x080066bc                ksz8081WritePhyReg
 .text.ksz8081ReadPhyReg
                0x080066de       0x18 ./Cyclone_TCP/cyclone_tcp/drivers/phy/ksz8081_driver.o
                0x080066de                ksz8081ReadPhyReg
 *fill*         0x080066f6        0x2 
 .text.ksz8081Tick
                0x080066f8       0x30 ./Cyclone_TCP/cyclone_tcp/drivers/phy/ksz8081_driver.o
                0x080066f8                ksz8081Tick
 .text.ksz8081EventHandler
                0x08006728       0xa0 ./Cyclone_TCP/cyclone_tcp/drivers/phy/ksz8081_driver.o
                0x08006728                ksz8081EventHandler
 .text.ksz8081Init
                0x080067c8       0x90 ./Cyclone_TCP/cyclone_tcp/drivers/phy/ksz8081_driver.o
                0x080067c8                ksz8081Init
 .text.stm32h7xxEthUpdateMacConfig
                0x08006858       0x38 ./Cyclone_TCP/cyclone_tcp/drivers/mac/stm32h7xx_eth_driver.o
                0x08006858                stm32h7xxEthUpdateMacConfig
 .text.stm32h7xxEthSendPacket
                0x08006890       0xc8 ./Cyclone_TCP/cyclone_tcp/drivers/mac/stm32h7xx_eth_driver.o
                0x08006890                stm32h7xxEthSendPacket
 .text.stm32h7xxEthTick
                0x08006958       0x12 ./Cyclone_TCP/cyclone_tcp/drivers/mac/stm32h7xx_eth_driver.o
                0x08006958                stm32h7xxEthTick
 *fill*         0x0800696a        0x2 
 .text.stm32h7xxEthWritePhyReg
                0x0800696c       0x3c ./Cyclone_TCP/cyclone_tcp/drivers/mac/stm32h7xx_eth_driver.o
                0x0800696c                stm32h7xxEthWritePhyReg
 .text.stm32h7xxEthReadPhyReg
                0x080069a8       0x40 ./Cyclone_TCP/cyclone_tcp/drivers/mac/stm32h7xx_eth_driver.o
                0x080069a8                stm32h7xxEthReadPhyReg
 .text.stm32h7xxEthDisableIrq
                0x080069e8       0x28 ./Cyclone_TCP/cyclone_tcp/drivers/mac/stm32h7xx_eth_driver.o
                0x080069e8                stm32h7xxEthDisableIrq
 .text.stm32h7xxEthEnableIrq
                0x08006a10       0x20 ./Cyclone_TCP/cyclone_tcp/drivers/mac/stm32h7xx_eth_driver.o
                0x08006a10                stm32h7xxEthEnableIrq
 .text.stm32h7xxEthInitDmaDesc
                0x08006a30       0x80 ./Cyclone_TCP/cyclone_tcp/drivers/mac/stm32h7xx_eth_driver.o
                0x08006a30                stm32h7xxEthInitDmaDesc
 .text.ETH_IRQHandler
                0x08006ab0       0x88 ./Cyclone_TCP/cyclone_tcp/drivers/mac/stm32h7xx_eth_driver.o
                0x08006ab0                ETH_IRQHandler
 .text.stm32h7xxEthReceivePacket
                0x08006b38       0xe8 ./Cyclone_TCP/cyclone_tcp/drivers/mac/stm32h7xx_eth_driver.o
                0x08006b38                stm32h7xxEthReceivePacket
 .text.stm32h7xxEthEventHandler
                0x08006c20       0x34 ./Cyclone_TCP/cyclone_tcp/drivers/mac/stm32h7xx_eth_driver.o
                0x08006c20                stm32h7xxEthEventHandler
 .text.stm32h7xxEthCalcCrc
                0x08006c54       0x38 ./Cyclone_TCP/cyclone_tcp/drivers/mac/stm32h7xx_eth_driver.o
                0x08006c54                stm32h7xxEthCalcCrc
 .text.stm32h7xxEthUpdateMacAddrFilter
                0x08006c8c      0x13c ./Cyclone_TCP/cyclone_tcp/drivers/mac/stm32h7xx_eth_driver.o
                0x08006c8c                stm32h7xxEthUpdateMacAddrFilter
 .text.stm32h7xxEthInit
                0x08006dc8      0x1b0 ./Cyclone_TCP/cyclone_tcp/drivers/mac/stm32h7xx_eth_driver.o
                0x08006dc8                stm32h7xxEthInit
 .text.dnsInit  0x08006f78       0x18 ./Cyclone_TCP/cyclone_tcp/dns/dns_cache.o
                0x08006f78                dnsInit
 .text.dnsDeleteEntry
                0x08006f90       0x20 ./Cyclone_TCP/cyclone_tcp/dns/dns_cache.o
                0x08006f90                dnsDeleteEntry
 .text.dnsFlushCache
                0x08006fb0       0x28 ./Cyclone_TCP/cyclone_tcp/dns/dns_cache.o
                0x08006fb0                dnsFlushCache
 .text.dnsTick  0x08006fd8       0x9c ./Cyclone_TCP/cyclone_tcp/dns/dns_cache.o
                0x08006fd8                dnsTick
 .text.dnsSendQuery
                0x08007074      0x108 ./Cyclone_TCP/cyclone_tcp/dns/dns_client.o
                0x08007074                dnsSendQuery
 .text.dnsEncodeName
                0x0800717c       0x4a ./Cyclone_TCP/cyclone_tcp/dns/dns_common.o
                0x0800717c                dnsEncodeName
 .text.dhcpClientStateInit
                0x080071c6       0x38 ./Cyclone_TCP/cyclone_tcp/dhcp/dhcp_client_fsm.o
                0x080071c6                dhcpClientStateInit
 *fill*         0x080071fe        0x2 
 .text.dhcpClientStateSelecting
                0x08007200       0x68 ./Cyclone_TCP/cyclone_tcp/dhcp/dhcp_client_fsm.o
                0x08007200                dhcpClientStateSelecting
 .text.dhcpClientStateRequesting
                0x08007268       0x8c ./Cyclone_TCP/cyclone_tcp/dhcp/dhcp_client_fsm.o
                0x08007268                dhcpClientStateRequesting
 .text.dhcpClientStateInitReboot
                0x080072f4       0x38 ./Cyclone_TCP/cyclone_tcp/dhcp/dhcp_client_fsm.o
                0x080072f4                dhcpClientStateInitReboot
 .text.dhcpClientStateRebooting
                0x0800732c        0x4 ./Cyclone_TCP/cyclone_tcp/dhcp/dhcp_client_fsm.o
                0x0800732c                dhcpClientStateRebooting
 .text.dhcpClientStateProbing
                0x08007330       0x6a ./Cyclone_TCP/cyclone_tcp/dhcp/dhcp_client_fsm.o
                0x08007330                dhcpClientStateProbing
 *fill*         0x0800739a        0x2 
 .text.dhcpClientStateBound
                0x0800739c       0x40 ./Cyclone_TCP/cyclone_tcp/dhcp/dhcp_client_fsm.o
                0x0800739c                dhcpClientStateBound
 .text.dhcpClientStateRenewing
                0x080073dc       0x78 ./Cyclone_TCP/cyclone_tcp/dhcp/dhcp_client_fsm.o
                0x080073dc                dhcpClientStateRenewing
 .text.dhcpClientStateRebinding
                0x08007454       0x7c ./Cyclone_TCP/cyclone_tcp/dhcp/dhcp_client_fsm.o
                0x08007454                dhcpClientStateRebinding
 .text.dhcpClientTick
                0x080074d0       0x44 ./Cyclone_TCP/cyclone_tcp/dhcp/dhcp_client_misc.o
                0x080074d0                dhcpClientTick
 .text.dhcpClientSendDecline
                0x08007514      0x14c ./Cyclone_TCP/cyclone_tcp/dhcp/dhcp_client_misc.o
                0x08007514                dhcpClientSendDecline
 .text.dhcpClientCheckTimeout
                0x08007660       0x3c ./Cyclone_TCP/cyclone_tcp/dhcp/dhcp_client_misc.o
                0x08007660                dhcpClientCheckTimeout
 .text.dhcpClientComputeElapsedTime
                0x0800769c       0x28 ./Cyclone_TCP/cyclone_tcp/dhcp/dhcp_client_misc.o
                0x0800769c                dhcpClientComputeElapsedTime
 .text.dhcpClientSendDiscover
                0x080076c4      0x138 ./Cyclone_TCP/cyclone_tcp/dhcp/dhcp_client_misc.o
                0x080076c4                dhcpClientSendDiscover
 .text.dhcpClientSendRequest
                0x080077fc      0x1c0 ./Cyclone_TCP/cyclone_tcp/dhcp/dhcp_client_misc.o
                0x080077fc                dhcpClientSendRequest
 .text.dhcpClientChangeState
                0x080079bc       0x84 ./Cyclone_TCP/cyclone_tcp/dhcp/dhcp_client_misc.o
                0x080079bc                dhcpClientChangeState
 .text.dhcpClientResetConfig
                0x08007a40       0x22 ./Cyclone_TCP/cyclone_tcp/dhcp/dhcp_client_misc.o
                0x08007a40                dhcpClientResetConfig
 *fill*         0x08007a62        0x2 
 .text.dhcpClientLinkChangeEvent
                0x08007a64       0x44 ./Cyclone_TCP/cyclone_tcp/dhcp/dhcp_client_misc.o
                0x08007a64                dhcpClientLinkChangeEvent
 .text.dhcpClientDumpConfig
                0x08007aa8      0x1a0 ./Cyclone_TCP/cyclone_tcp/dhcp/dhcp_client_misc.o
                0x08007aa8                dhcpClientDumpConfig
 .text.dhcpAddOption
                0x08007c48       0x5a ./Cyclone_TCP/cyclone_tcp/dhcp/dhcp_common.o
                0x08007c48                dhcpAddOption
 .text.dhcpGetOption
                0x08007ca2       0x3a ./Cyclone_TCP/cyclone_tcp/dhcp/dhcp_common.o
                0x08007ca2                dhcpGetOption
 .text.ethInit  0x08007cdc       0x10 ./Cyclone_TCP/cyclone_tcp/core/ethernet.o
                0x08007cdc                ethInit
 .text.ethProcessFrame
                0x08007cec       0xb0 ./Cyclone_TCP/cyclone_tcp/core/ethernet.o
                0x08007cec                ethProcessFrame
 .text.ethSendFrame
                0x08007d9c       0xd0 ./Cyclone_TCP/cyclone_tcp/core/ethernet.o
                0x08007d9c                ethSendFrame
 .text.ethAcceptMacAddr
                0x08007e6c       0x6c ./Cyclone_TCP/cyclone_tcp/core/ethernet.o
                0x08007e6c                ethAcceptMacAddr
 .text.ethDropMacAddr
                0x08007ed8       0x58 ./Cyclone_TCP/cyclone_tcp/core/ethernet.o
                0x08007ed8                ethDropMacAddr
 .text.ethAllocBuffer
                0x08007f30       0x12 ./Cyclone_TCP/cyclone_tcp/core/ethernet.o
                0x08007f30                ethAllocBuffer
 *fill*         0x08007f42        0x2 
 .text.macStringToAddr
                0x08007f44       0x7c ./Cyclone_TCP/cyclone_tcp/core/ethernet.o
                0x08007f44                macStringToAddr
 .text.macAddrToEui64
                0x08007fc0       0x26 ./Cyclone_TCP/cyclone_tcp/core/ethernet.o
                0x08007fc0                macAddrToEui64
 *fill*         0x08007fe6        0x2 
 .text.ethPadFrame
                0x08007fe8       0x28 ./Cyclone_TCP/cyclone_tcp/core/ethernet_misc.o
                0x08007fe8                ethPadFrame
 .text.ethCheckDestAddr
                0x08008010       0x50 ./Cyclone_TCP/cyclone_tcp/core/ethernet_misc.o
                0x08008010                ethCheckDestAddr
 .text.ethUpdateInStats
                0x08008060        0x2 ./Cyclone_TCP/cyclone_tcp/core/ethernet_misc.o
                0x08008060                ethUpdateInStats
 .text.ethUpdateOutStats
                0x08008062        0x2 ./Cyclone_TCP/cyclone_tcp/core/ethernet_misc.o
                0x08008062                ethUpdateOutStats
 .text.ethUpdateErrorStats
                0x08008064        0x2 ./Cyclone_TCP/cyclone_tcp/core/ethernet_misc.o
                0x08008064                ethUpdateErrorStats
 *fill*         0x08008066        0x2 
 .text.ethCalcCrc
                0x08008068       0x30 ./Cyclone_TCP/cyclone_tcp/core/ethernet_misc.o
                0x08008068                ethCalcCrc
 .text.ethCalcCrcEx
                0x08008098       0x5c ./Cyclone_TCP/cyclone_tcp/core/ethernet_misc.o
                0x08008098                ethCalcCrcEx
 .text.ethCheckCrc
                0x080080f4       0x44 ./Cyclone_TCP/cyclone_tcp/core/ethernet_misc.o
                0x080080f4                ethCheckCrc
 .text.ipSendDatagram
                0x08008138       0x1a ./Cyclone_TCP/cyclone_tcp/core/ip.o
                0x08008138                ipSendDatagram
 .text.ipIsMulticastAddr
                0x08008152       0x1a ./Cyclone_TCP/cyclone_tcp/core/ip.o
                0x08008152                ipIsMulticastAddr
 .text.ipCalcChecksum
                0x0800816c       0x82 ./Cyclone_TCP/cyclone_tcp/core/ip.o
                0x0800816c                ipCalcChecksum
 .text.ipCalcChecksumEx
                0x080081ee       0x78 ./Cyclone_TCP/cyclone_tcp/core/ip.o
                0x080081ee                ipCalcChecksumEx
 .text.ipCalcUpperLayerChecksumEx
                0x08008266       0x2a ./Cyclone_TCP/cyclone_tcp/core/ip.o
                0x08008266                ipCalcUpperLayerChecksumEx
 .text.ipAllocBuffer
                0x08008290       0x14 ./Cyclone_TCP/cyclone_tcp/core/ip.o
                0x08008290                ipAllocBuffer
 .text.netTask  0x080082a4       0xec ./Cyclone_TCP/cyclone_tcp/core/net.o
                0x080082a4                netTask
 .text.netInit  0x08008390       0xdc ./Cyclone_TCP/cyclone_tcp/core/net.o
                0x08008390                netInit
 .text.netSetMacAddr
                0x0800846c       0x38 ./Cyclone_TCP/cyclone_tcp/core/net.o
                0x0800846c                netSetMacAddr
 .text.netSetInterfaceName
                0x080084a4       0x30 ./Cyclone_TCP/cyclone_tcp/core/net.o
                0x080084a4                netSetInterfaceName
 .text.netSetHostname
                0x080084d4       0x30 ./Cyclone_TCP/cyclone_tcp/core/net.o
                0x080084d4                netSetHostname
 .text.netSetDriver
                0x08008504       0x24 ./Cyclone_TCP/cyclone_tcp/core/net.o
                0x08008504                netSetDriver
 .text.netSetPhyDriver
                0x08008528       0x24 ./Cyclone_TCP/cyclone_tcp/core/net.o
                0x08008528                netSetPhyDriver
 .text.netConfigInterface
                0x0800854c       0x94 ./Cyclone_TCP/cyclone_tcp/core/net.o
                0x0800854c                netConfigInterface
 .text.netStartInterface
                0x080085e0       0x6c ./Cyclone_TCP/cyclone_tcp/core/net.o
                0x080085e0                netStartInterface
 .text.netStopInterface
                0x0800864c       0x60 ./Cyclone_TCP/cyclone_tcp/core/net.o
                0x0800864c                netStopInterface
 .text.memPoolInit
                0x080086ac        0x4 ./Cyclone_TCP/cyclone_tcp/core/net_mem.o
                0x080086ac                memPoolInit
 .text.memPoolAlloc
                0x080086b0       0x2c ./Cyclone_TCP/cyclone_tcp/core/net_mem.o
                0x080086b0                memPoolAlloc
 .text.memPoolFree
                0x080086dc        0x4 ./Cyclone_TCP/cyclone_tcp/core/net_mem.o
                0x080086dc                memPoolFree
 .text.netBufferGetLength
                0x080086e0       0x1c ./Cyclone_TCP/cyclone_tcp/core/net_mem.o
                0x080086e0                netBufferGetLength
 .text.netBufferSetLength
                0x080086fc       0xb4 ./Cyclone_TCP/cyclone_tcp/core/net_mem.o
                0x080086fc                netBufferSetLength
 .text.netBufferFree
                0x080087b0       0x14 ./Cyclone_TCP/cyclone_tcp/core/net_mem.o
                0x080087b0                netBufferFree
 .text.netBufferAlloc
                0x080087c4       0x3a ./Cyclone_TCP/cyclone_tcp/core/net_mem.o
                0x080087c4                netBufferAlloc
 .text.netBufferAt
                0x080087fe       0x28 ./Cyclone_TCP/cyclone_tcp/core/net_mem.o
                0x080087fe                netBufferAt
 .text.netBufferConcat
                0x08008826       0x80 ./Cyclone_TCP/cyclone_tcp/core/net_mem.o
                0x08008826                netBufferConcat
 .text.netBufferCopy
                0x080088a6       0xbe ./Cyclone_TCP/cyclone_tcp/core/net_mem.o
                0x080088a6                netBufferCopy
 .text.netBufferAppend
                0x08008964       0x22 ./Cyclone_TCP/cyclone_tcp/core/net_mem.o
                0x08008964                netBufferAppend
 .text.netBufferWrite
                0x08008986       0x58 ./Cyclone_TCP/cyclone_tcp/core/net_mem.o
                0x08008986                netBufferWrite
 .text.netBufferRead
                0x080089de       0x58 ./Cyclone_TCP/cyclone_tcp/core/net_mem.o
                0x080089de                netBufferRead
 *fill*         0x08008a36        0x2 
 .text.netProcessLinkChange
                0x08008a38      0x14c ./Cyclone_TCP/cyclone_tcp/core/net_misc.o
                0x08008a38                netProcessLinkChange
 .text.netTick  0x08008b84      0x114 ./Cyclone_TCP/cyclone_tcp/core/net_misc.o
                0x08008b84                netTick
 .text.netStartTimer
                0x08008c98       0x14 ./Cyclone_TCP/cyclone_tcp/core/net_misc.o
                0x08008c98                netStartTimer
 .text.netStopTimer
                0x08008cac        0x6 ./Cyclone_TCP/cyclone_tcp/core/net_misc.o
                0x08008cac                netStopTimer
 .text.netTimerRunning
                0x08008cb2        0x4 ./Cyclone_TCP/cyclone_tcp/core/net_misc.o
                0x08008cb2                netTimerRunning
 .text.netTimerExpired
                0x08008cb6       0x1c ./Cyclone_TCP/cyclone_tcp/core/net_misc.o
                0x08008cb6                netTimerExpired
 .text.netGetRandBit
                0x08008cd2       0xaa ./Cyclone_TCP/cyclone_tcp/core/net_misc.o
                0x08008cd2                netGetRandBit
 .text.netInitRand
                0x08008d7c       0x8c ./Cyclone_TCP/cyclone_tcp/core/net_misc.o
                0x08008d7c                netInitRand
 .text.netGetRand
                0x08008e08       0x28 ./Cyclone_TCP/cyclone_tcp/core/net_misc.o
                0x08008e08                netGetRand
 .text.netGetRandRange
                0x08008e30       0x20 ./Cyclone_TCP/cyclone_tcp/core/net_misc.o
                0x08008e30                netGetRandRange
 .text.nicGetLogicalInterface
                0x08008e50        0x2 ./Cyclone_TCP/cyclone_tcp/core/nic.o
                0x08008e50                nicGetLogicalInterface
 .text.nicGetPhysicalInterface
                0x08008e52        0x2 ./Cyclone_TCP/cyclone_tcp/core/nic.o
                0x08008e52                nicGetPhysicalInterface
 .text.nicTick  0x08008e54       0x26 ./Cyclone_TCP/cyclone_tcp/core/nic.o
                0x08008e54                nicTick
 *fill*         0x08008e7a        0x2 
 .text.nicSendPacket
                0x08008e7c       0x70 ./Cyclone_TCP/cyclone_tcp/core/nic.o
                0x08008e7c                nicSendPacket
 .text.nicUpdateMacAddrFilter
                0x08008eec       0x2a ./Cyclone_TCP/cyclone_tcp/core/nic.o
                0x08008eec                nicUpdateMacAddrFilter
 *fill*         0x08008f16        0x2 
 .text.nicProcessPacket
                0x08008f18       0x4c ./Cyclone_TCP/cyclone_tcp/core/nic.o
                0x08008f18                nicProcessPacket
 .text.nicNotifyLinkChange
                0x08008f64       0x3c ./Cyclone_TCP/cyclone_tcp/core/nic.o
                0x08008f64                nicNotifyLinkChange
 .text.socketInit
                0x08008fa0       0x54 ./Cyclone_TCP/cyclone_tcp/core/socket.o
                0x08008fa0                socketInit
 .text.socketOpen
                0x08008ff4       0x28 ./Cyclone_TCP/cyclone_tcp/core/socket.o
                0x08008ff4                socketOpen
 .text.socketSetTimeout
                0x0800901c       0x24 ./Cyclone_TCP/cyclone_tcp/core/socket.o
                0x0800901c                socketSetTimeout
 .text.socketBind
                0x08009040       0x28 ./Cyclone_TCP/cyclone_tcp/core/socket.o
                0x08009040                socketBind
 .text.socketSendTo
                0x08009068       0x9c ./Cyclone_TCP/cyclone_tcp/core/socket.o
                0x08009068                socketSendTo
 .text.socketSend
                0x08009104       0x1c ./Cyclone_TCP/cyclone_tcp/core/socket.o
                0x08009104                socketSend
 .text.socketReceiveEx
                0x08009120       0xd4 ./Cyclone_TCP/cyclone_tcp/core/socket.o
                0x08009120                socketReceiveEx
 .text.socketReceiveFrom
                0x080091f4       0x1a ./Cyclone_TCP/cyclone_tcp/core/socket.o
                0x080091f4                socketReceiveFrom
 *fill*         0x0800920e        0x2 
 .text.socketAllocate
                0x08009210       0x88 ./Cyclone_TCP/cyclone_tcp/core/socket_misc.o
                0x08009210                socketAllocate
 .text.tcpInit  0x08009298        0xc ./Cyclone_TCP/cyclone_tcp/core/tcp.o
                0x08009298                tcpInit
 .text.tcpGetDynamicPort
                0x080092a4       0x38 ./Cyclone_TCP/cyclone_tcp/core/tcp.o
                0x080092a4                tcpGetDynamicPort
 .text.tcpSend  0x080092dc       0xe6 ./Cyclone_TCP/cyclone_tcp/core/tcp.o
                0x080092dc                tcpSend
 .text.tcpReceive
                0x080093c2      0x10a ./Cyclone_TCP/cyclone_tcp/core/tcp.o
                0x080093c2                tcpReceive
 .text.tcpKillOldestConnection
                0x080094cc       0x58 ./Cyclone_TCP/cyclone_tcp/core/tcp.o
                0x080094cc                tcpKillOldestConnection
 .text.tcpStateClosed
                0x08009524       0x16 ./Cyclone_TCP/cyclone_tcp/core/tcp_fsm.o
                0x08009524                tcpStateClosed
 .text.tcpStateListen
                0x0800953a       0xec ./Cyclone_TCP/cyclone_tcp/core/tcp_fsm.o
                0x0800953a                tcpStateListen
 .text.tcpStateSynSent
                0x08009626       0xf0 ./Cyclone_TCP/cyclone_tcp/core/tcp_fsm.o
                0x08009626                tcpStateSynSent
 .text.tcpStateEstablished
                0x08009716       0x9e ./Cyclone_TCP/cyclone_tcp/core/tcp_fsm.o
                0x08009716                tcpStateEstablished
 .text.tcpStateSynReceived
                0x080097b4       0x7e ./Cyclone_TCP/cyclone_tcp/core/tcp_fsm.o
                0x080097b4                tcpStateSynReceived
 .text.tcpStateCloseWait
                0x08009832       0x50 ./Cyclone_TCP/cyclone_tcp/core/tcp_fsm.o
                0x08009832                tcpStateCloseWait
 .text.tcpStateLastAck
                0x08009882       0x3c ./Cyclone_TCP/cyclone_tcp/core/tcp_fsm.o
                0x08009882                tcpStateLastAck
 .text.tcpStateFinWait1
                0x080098be       0xc0 ./Cyclone_TCP/cyclone_tcp/core/tcp_fsm.o
                0x080098be                tcpStateFinWait1
 .text.tcpStateFinWait2
                0x0800997e       0x94 ./Cyclone_TCP/cyclone_tcp/core/tcp_fsm.o
                0x0800997e                tcpStateFinWait2
 .text.tcpStateClosing
                0x08009a12       0x58 ./Cyclone_TCP/cyclone_tcp/core/tcp_fsm.o
                0x08009a12                tcpStateClosing
 .text.tcpStateTimeWait
                0x08009a6a       0x66 ./Cyclone_TCP/cyclone_tcp/core/tcp_fsm.o
                0x08009a6a                tcpStateTimeWait
 .text.tcpProcessSegment
                0x08009ad0      0x270 ./Cyclone_TCP/cyclone_tcp/core/tcp_fsm.o
                0x08009ad0                tcpProcessSegment
 .text.tcpRejectSegment
                0x08009d40      0x104 ./Cyclone_TCP/cyclone_tcp/core/tcp_misc.o
                0x08009d40                tcpRejectSegment
 .text.tcpAddOption
                0x08009e44       0x66 ./Cyclone_TCP/cyclone_tcp/core/tcp_misc.o
                0x08009e44                tcpAddOption
 .text.tcpGetOption
                0x08009eaa       0x4a ./Cyclone_TCP/cyclone_tcp/core/tcp_misc.o
                0x08009eaa                tcpGetOption
 .text.tcpIsDuplicateSyn
                0x08009ef4       0x3c ./Cyclone_TCP/cyclone_tcp/core/tcp_misc.o
                0x08009ef4                tcpIsDuplicateSyn
 .text.tcpIsDuplicateAck
                0x08009f30       0x32 ./Cyclone_TCP/cyclone_tcp/core/tcp_misc.o
                0x08009f30                tcpIsDuplicateAck
 .text.tcpUpdateRetransmitQueue
                0x08009f62       0x8c ./Cyclone_TCP/cyclone_tcp/core/tcp_misc.o
                0x08009f62                tcpUpdateRetransmitQueue
 .text.tcpFlushRetransmitQueue
                0x08009fee       0x24 ./Cyclone_TCP/cyclone_tcp/core/tcp_misc.o
                0x08009fee                tcpFlushRetransmitQueue
 .text.tcpFlushSynQueue
                0x0800a012       0x1a ./Cyclone_TCP/cyclone_tcp/core/tcp_misc.o
                0x0800a012                tcpFlushSynQueue
 .text.tcpDeleteControlBlock
                0x0800a02c       0x26 ./Cyclone_TCP/cyclone_tcp/core/tcp_misc.o
                0x0800a02c                tcpDeleteControlBlock
 .text.tcpUpdateSackBlocks
                0x0800a052       0xac ./Cyclone_TCP/cyclone_tcp/core/tcp_misc.o
                0x0800a052                tcpUpdateSackBlocks
 .text.tcpUpdateSendWindow
                0x0800a0fe       0x80 ./Cyclone_TCP/cyclone_tcp/core/tcp_misc.o
                0x0800a0fe                tcpUpdateSendWindow
 .text.tcpComputeRto
                0x0800a17e       0x88 ./Cyclone_TCP/cyclone_tcp/core/tcp_misc.o
                0x0800a17e                tcpComputeRto
 .text.tcpUpdateEvents
                0x0800a206       0xe6 ./Cyclone_TCP/cyclone_tcp/core/tcp_misc.o
                0x0800a206                tcpUpdateEvents
 .text.tcpChangeState
                0x0800a2ec       0x1e ./Cyclone_TCP/cyclone_tcp/core/tcp_misc.o
                0x0800a2ec                tcpChangeState
 *fill*         0x0800a30a        0x2 
 .text.tcpWaitForEvents
                0x0800a30c       0x38 ./Cyclone_TCP/cyclone_tcp/core/tcp_misc.o
                0x0800a30c                tcpWaitForEvents
 .text.tcpWriteTxBuffer
                0x0800a344       0x4c ./Cyclone_TCP/cyclone_tcp/core/tcp_misc.o
                0x0800a344                tcpWriteTxBuffer
 .text.tcpReadTxBuffer
                0x0800a390       0x52 ./Cyclone_TCP/cyclone_tcp/core/tcp_misc.o
                0x0800a390                tcpReadTxBuffer
 *fill*         0x0800a3e2        0x2 
 .text.tcpSendSegment
                0x0800a3e4      0x1f0 ./Cyclone_TCP/cyclone_tcp/core/tcp_misc.o
                0x0800a3e4                tcpSendSegment
 .text.tcpSendResetSegment
                0x0800a5d4       0x2a ./Cyclone_TCP/cyclone_tcp/core/tcp_misc.o
                0x0800a5d4                tcpSendResetSegment
 .text.tcpCheckSeqNum
                0x0800a5fe       0x5e ./Cyclone_TCP/cyclone_tcp/core/tcp_misc.o
                0x0800a5fe                tcpCheckSeqNum
 .text.tcpCheckSyn
                0x0800a65c       0x38 ./Cyclone_TCP/cyclone_tcp/core/tcp_misc.o
                0x0800a65c                tcpCheckSyn
 .text.tcpUpdateReceiveWindow
                0x0800a694       0x44 ./Cyclone_TCP/cyclone_tcp/core/tcp_misc.o
                0x0800a694                tcpUpdateReceiveWindow
 .text.tcpNagleAlgo
                0x0800a6d8       0xc0 ./Cyclone_TCP/cyclone_tcp/core/tcp_misc.o
                0x0800a6d8                tcpNagleAlgo
 .text.tcpRetransmitSegment
                0x0800a798       0xac ./Cyclone_TCP/cyclone_tcp/core/tcp_misc.o
                0x0800a798                tcpRetransmitSegment
 .text.tcpFastRetransmit
                0x0800a844       0x40 ./Cyclone_TCP/cyclone_tcp/core/tcp_misc.o
                0x0800a844                tcpFastRetransmit
 .text.tcpFastRecovery
                0x0800a884       0x4a ./Cyclone_TCP/cyclone_tcp/core/tcp_misc.o
                0x0800a884                tcpFastRecovery
 .text.tcpFastLossRecovery
                0x0800a8ce       0x20 ./Cyclone_TCP/cyclone_tcp/core/tcp_misc.o
                0x0800a8ce                tcpFastLossRecovery
 .text.tcpCheckAck
                0x0800a8ee      0x154 ./Cyclone_TCP/cyclone_tcp/core/tcp_misc.o
                0x0800a8ee                tcpCheckAck
 .text.tcpWriteRxBuffer
                0x0800aa42       0x58 ./Cyclone_TCP/cyclone_tcp/core/tcp_misc.o
                0x0800aa42                tcpWriteRxBuffer
 .text.tcpProcessSegmentData
                0x0800aa9a       0x96 ./Cyclone_TCP/cyclone_tcp/core/tcp_misc.o
                0x0800aa9a                tcpProcessSegmentData
 .text.tcpReadRxBuffer
                0x0800ab30       0x50 ./Cyclone_TCP/cyclone_tcp/core/tcp_misc.o
                0x0800ab30                tcpReadRxBuffer
 .text.tcpDumpHeader
                0x0800ab80        0x2 ./Cyclone_TCP/cyclone_tcp/core/tcp_misc.o
                0x0800ab80                tcpDumpHeader
 .text.tcpCheckRetransmitTimer
                0x0800ab82       0xa2 ./Cyclone_TCP/cyclone_tcp/core/tcp_timer.o
                0x0800ab82                tcpCheckRetransmitTimer
 .text.tcpCheckPersistTimer
                0x0800ac24       0x7a ./Cyclone_TCP/cyclone_tcp/core/tcp_timer.o
                0x0800ac24                tcpCheckPersistTimer
 .text.tcpCheckOverrideTimer
                0x0800ac9e       0xae ./Cyclone_TCP/cyclone_tcp/core/tcp_timer.o
                0x0800ac9e                tcpCheckOverrideTimer
 .text.tcpCheckFinWait2Timer
                0x0800ad4c       0x24 ./Cyclone_TCP/cyclone_tcp/core/tcp_timer.o
                0x0800ad4c                tcpCheckFinWait2Timer
 .text.tcpCheckTimeWaitTimer
                0x0800ad70       0x2c ./Cyclone_TCP/cyclone_tcp/core/tcp_timer.o
                0x0800ad70                tcpCheckTimeWaitTimer
 .text.tcpTick  0x0800ad9c       0x40 ./Cyclone_TCP/cyclone_tcp/core/tcp_timer.o
                0x0800ad9c                tcpTick
 .text.udpInit  0x0800addc       0x20 ./Cyclone_TCP/cyclone_tcp/core/udp.o
                0x0800addc                udpInit
 .text.udpGetDynamicPort
                0x0800adfc       0x38 ./Cyclone_TCP/cyclone_tcp/core/udp.o
                0x0800adfc                udpGetDynamicPort
 .text.udpSendBuffer
                0x0800ae34       0xdc ./Cyclone_TCP/cyclone_tcp/core/udp.o
                0x0800ae34                udpSendBuffer
 .text.udpAllocBuffer
                0x0800af10       0x14 ./Cyclone_TCP/cyclone_tcp/core/udp.o
                0x0800af10                udpAllocBuffer
 .text.udpSendDatagram
                0x0800af24       0xc4 ./Cyclone_TCP/cyclone_tcp/core/udp.o
                0x0800af24                udpSendDatagram
 .text.udpUpdateEvents
                0x0800afe8       0x48 ./Cyclone_TCP/cyclone_tcp/core/udp.o
                0x0800afe8                udpUpdateEvents
 .text.udpReceiveDatagram
                0x0800b030       0xac ./Cyclone_TCP/cyclone_tcp/core/udp.o
                0x0800b030                udpReceiveDatagram
 .text.udpAttachRxCallback
                0x0800b0dc       0x30 ./Cyclone_TCP/cyclone_tcp/core/udp.o
                0x0800b0dc                udpAttachRxCallback
 .text.udpDetachRxCallback
                0x0800b10c       0x30 ./Cyclone_TCP/cyclone_tcp/core/udp.o
                0x0800b10c                udpDetachRxCallback
 .text.udpInvokeRxCallback
                0x0800b13c       0x5c ./Cyclone_TCP/cyclone_tcp/core/udp.o
                0x0800b13c                udpInvokeRxCallback
 .text.udpProcessDatagram
                0x0800b198      0x1b4 ./Cyclone_TCP/cyclone_tcp/core/udp.o
                0x0800b198                udpProcessDatagram
 .text.swapInt16
                0x0800b34c        0x6 ./Cyclone_TCP/common/cpu_endian.o
                0x0800b34c                swapInt16
 .text.swapInt32
                0x0800b352        0x4 ./Cyclone_TCP/common/cpu_endian.o
                0x0800b352                swapInt32
 *fill*         0x0800b356        0x2 
 .text.formatSystemTime
                0x0800b358       0x88 ./Cyclone_TCP/common/date_time.o
                0x0800b358                formatSystemTime
 .text.osStartKernel
                0x0800b3e0        0x4 ./Cyclone_TCP/common/os_port_freertos.o